Component: ARM Compiler 5.06 update 6 (build 750) Tool: armlink [4d35ed]

==============================================================================

Section Cross References

    main.o(i.JudgePassword) refers to main.o(.data) for password
    main.o(i.KEY_GPIO_Init) refers to stm32f10x_rcc.o(i.RCC_APB2PeriphClockCmd) for RCC_APB2PeriphClockCmd
    main.o(i.KEY_GPIO_Init) refers to stm32f10x_gpio.o(i.GPIO_Init) for GPIO_Init
    main.o(i.KEY_Scan) refers to stm32f10x_gpio.o(i.GPIO_ReadInputDataBit) for GPIO_ReadInputDataBit
    main.o(i.KEY_Scan) refers to main.o(.data) for key_up
    main.o(i.SysTick_Init) refers to misc.o(i.SysTick_CLKSourceConfig) for SysTick_CLKSourceConfig
    main.o(i.SysTick_Init) refers to main.o(.data) for fac_us
    main.o(i.app_main) refers to rtx_thread.o(i.osThreadNew) for osThreadNew
    main.o(i.app_main) refers to main.o(i.find_key) for find_key
    main.o(i.app_main) refers to main.o(.data) for key_flag
    main.o(i.app_main) refers to main.o(i.find_button) for find_button
    main.o(i.app_main) refers to main.o(i.focus_button) for focus_button
    main.o(i.app_main) refers to main.o(i.input_show) for input_show
    main.o(i.app_main) refers to main.o(i.password_success) for password_success
    main.o(i.delay_ms) refers to main.o(.data) for fac_ms
    main.o(i.delay_us) refers to main.o(.data) for fac_us
    main.o(i.find_button) refers to rtx_thread.o(i.osThreadFlagsWait) for osThreadFlagsWait
    main.o(i.find_button) refers to rtx_thread.o(i.osThreadFlagsSet) for osThreadFlagsSet
    main.o(i.find_button) refers to main.o(.data) for flagsX2
    main.o(i.find_key) refers to main.o(i.KEY_Scan) for KEY_Scan
    main.o(i.find_key) refers to rtx_thread.o(i.osThreadFlagsSet) for osThreadFlagsSet
    main.o(i.find_key) refers to rtx_delay.o(i.osDelay) for osDelay
    main.o(i.find_key) refers to main.o(.data) for button_flag
    main.o(i.focus_button) refers to rtx_thread.o(i.osThreadFlagsWait) for osThreadFlagsWait
    main.o(i.focus_button) refers to tftlcd.o(i.LCD_Fill) for LCD_Fill
    main.o(i.focus_button) refers to tftlcd.o(i.LCD_ShowString) for LCD_ShowString
    main.o(i.focus_button) refers to rtx_thread.o(i.osThreadFlagsSet) for osThreadFlagsSet
    main.o(i.focus_button) refers to main.o(.data) for flagsX3
    main.o(i.focus_button) refers to tftlcd.o(.data) for tftlcd_data
    main.o(i.input_show) refers to rtx_thread.o(i.osThreadFlagsWait) for osThreadFlagsWait
    main.o(i.input_show) refers to rtx_thread.o(i.osThreadFlagsSet) for osThreadFlagsSet
    main.o(i.input_show) refers to tftlcd.o(i.LCD_ShowChar) for LCD_ShowChar
    main.o(i.input_show) refers to tftlcd.o(i.LCD_Fill) for LCD_Fill
    main.o(i.input_show) refers to main.o(.data) for flagsX4
    main.o(i.main) refers to main.o(i.KEY_GPIO_Init) for KEY_GPIO_Init
    main.o(i.main) refers to main.o(i.SysTick_Init) for SysTick_Init
    main.o(i.main) refers to tftlcd.o(i.TFTLCD_Init) for TFTLCD_Init
    main.o(i.main) refers to main.o(i.ui_setup) for ui_setup
    main.o(i.main) refers to system_stm32f10x.o(i.SystemCoreClockUpdate) for SystemCoreClockUpdate
    main.o(i.main) refers to rtx_kernel.o(i.osKernelInitialize) for osKernelInitialize
    main.o(i.main) refers to rtx_thread.o(i.osThreadNew) for osThreadNew
    main.o(i.main) refers to rtx_kernel.o(i.osKernelStart) for osKernelStart
    main.o(i.main) refers to tftlcd.o(.data) for FRONT_COLOR
    main.o(i.main) refers to main.o(i.app_main) for app_main
    main.o(i.password_success) refers to rtx_thread.o(i.osThreadFlagsWait) for osThreadFlagsWait
    main.o(i.password_success) refers to main.o(i.JudgePassword) for JudgePassword
    main.o(i.password_success) refers to tftlcd.o(i.LCD_Clear) for LCD_Clear
    main.o(i.password_success) refers to tftlcd.o(i.LCD_ShowPicture) for LCD_ShowPicture
    main.o(i.password_success) refers to main.o(i.delay_ms) for delay_ms
    main.o(i.password_success) refers to main.o(i.ui_setup) for ui_setup
    main.o(i.password_success) refers to rtx_thread.o(i.osThreadFlagsSet) for osThreadFlagsSet
    main.o(i.password_success) refers to rtx_delay.o(i.osDelay) for osDelay
    main.o(i.password_success) refers to main.o(.data) for flagsX5
    main.o(i.password_success) refers to main.o(.constdata) for gImage_right
    main.o(i.ui_setup) refers to tftlcd.o(i.LCD_Clear) for LCD_Clear
    main.o(i.ui_setup) refers to tftlcd.o(i.LCD_Fill) for LCD_Fill
    main.o(i.ui_setup) refers to tftlcd.o(i.LCD_DrawLine) for LCD_DrawLine
    main.o(i.ui_setup) refers to tftlcd.o(i.LCD_ShowString) for LCD_ShowString
    main.o(i.ui_setup) refers to tftlcd.o(.data) for tftlcd_data
    main.o(.data) refers to main.o(.conststring) for .conststring
    tftlcd.o(i.LCD_AreaClear) refers to tftlcd.o(i.LCD_Set_Window) for LCD_Set_Window
    tftlcd.o(i.LCD_AreaClear) refers to tftlcd.o(i.LCD_WriteData_Color) for LCD_WriteData_Color
    tftlcd.o(i.LCD_Clear) refers to tftlcd.o(i.LCD_Set_Window) for LCD_Set_Window
[...]
    i.osRtxThreadListRemove                  0x08002e16   Section        0  rtx_thread.o(i.osRtxThreadListRemove)
    i.osRtxThreadListRoot                    0x08002e30   Section        0  rtx_thread.o(i.osRtxThreadListRoot)
    osRtxThreadListRoot                      0x08002e31   Thumb Code    16  rtx_thread.o(i.osRtxThreadListRoot)
    i.osRtxThreadListSort                    0x08002e40   Section        0  rtx_thread.o(i.osRtxThreadListSort)
    i.osRtxThreadPostProcess                 0x08002e6a   Section        0  rtx_thread.o(i.osRtxThreadPostProcess)
    osRtxThreadPostProcess                   0x08002e6b   Thumb Code    52  rtx_thread.o(i.osRtxThreadPostProcess)
    i.osRtxThreadReadyPut                    0x08002ea0   Section        0  rtx_thread.o(i.osRtxThreadReadyPut)
    i.osRtxThreadRegPtr                      0x08002eb8   Section        0  rtx_thread.o(i.osRtxThreadRegPtr)
    i.osRtxThreadSetRunning                  0x08002ec8   Section        0  rtx_thread.o(i.osRtxThreadSetRunning)
    osRtxThreadSetRunning                    0x08002ec9   Thumb Code     6  rtx_thread.o(i.osRtxThreadSetRunning)
    i.osRtxThreadStackCheck                  0x08002ed4   Section        0  rtx_thread.o(i.osRtxThreadStackCheck)
    i.osRtxThreadStartup                     0x08002f00   Section        0  rtx_thread.o(i.osRtxThreadStartup)
    i.osRtxThreadSwitch                      0x08002f4c   Section        0  rtx_thread.o(i.osRtxThreadSwitch)
    i.osRtxThreadWaitEnter                   0x08002f68   Section        0  rtx_thread.o(i.osRtxThreadWaitEnter)
    i.osRtxThreadWaitExit                    0x08002fb4   Section        0  rtx_thread.o(i.osRtxThreadWaitExit)
    i.osRtxTick_Handler                      0x08002fec   Section        0  rtx_system.o(i.osRtxTick_Handler)
    i.osRtxTimerThread                       0x0800308c   Section        0  rtx_timer.o(i.osRtxTimerThread)
    i.osRtxTimerTick                         0x080030dc   Section        0  rtx_timer.o(i.osRtxTimerTick)
    osRtxTimerTick                           0x080030dd   Thumb Code    88  rtx_timer.o(i.osRtxTimerTick)
    i.osThreadExit                           0x08003138   Section        0  rtx_thread.o(i.osThreadExit)
    i.osThreadFlagsSet                       0x08003158   Section        0  rtx_thread.o(i.osThreadFlagsSet)
    i.osThreadFlagsWait                      0x08003198   Section        0  rtx_thread.o(i.osThreadFlagsWait)
    i.osThreadNew                            0x080031e4   Section        0  rtx_thread.o(i.osThreadNew)
    i.os_kernel_is_active                    0x08003230   Section        0  rtx_lib.o(i.os_kernel_is_active)
    os_kernel_is_active                      0x08003231   Thumb Code    28  rtx_lib.o(i.os_kernel_is_active)
    i.password_success                       0x08003250   Section        0  main.o(i.password_success)
    i.svcRtxDelay                            0x080032fc   Section        0  rtx_delay.o(i.svcRtxDelay)
    svcRtxDelay                              0x080032fd   Thumb Code    40  rtx_delay.o(i.svcRtxDelay)
    i.svcRtxKernelGetState                   0x08003328   Section        0  rtx_kernel.o(i.svcRtxKernelGetState)
    svcRtxKernelGetState                     0x08003329   Thumb Code    20  rtx_kernel.o(i.svcRtxKernelGetState)
    i.svcRtxKernelInitialize                 0x08003340   Section        0  rtx_kernel.o(i.svcRtxKernelInitialize)
    svcRtxKernelInitialize                   0x08003341   Thumb Code   538  rtx_kernel.o(i.svcRtxKernelInitialize)
    i.svcRtxKernelStart                      0x08003564   Section        0  rtx_kernel.o(i.svcRtxKernelStart)
    svcRtxKernelStart                        0x08003565   Thumb Code   200  rtx_kernel.o(i.svcRtxKernelStart)
    i.svcRtxMessageQueueGet                  0x0800363c   Section        0  rtx_msgqueue.o(i.svcRtxMessageQueueGet)
    svcRtxMessageQueueGet                    0x0800363d   Thumb Code   308  rtx_msgqueue.o(i.svcRtxMessageQueueGet)
    i.svcRtxMessageQueueNew                  0x08003774   Section        0  rtx_msgqueue.o(i.svcRtxMessageQueueNew)
    svcRtxMessageQueueNew                    0x08003775   Thumb Code   396  rtx_msgqueue.o(i.svcRtxMessageQueueNew)
    i.svcRtxMessageQueuePut                  0x08003908   Section        0  rtx_msgqueue.o(i.svcRtxMessageQueuePut)
    svcRtxMessageQueuePut                    0x08003909   Thumb Code   292  rtx_msgqueue.o(i.svcRtxMessageQueuePut)
    i.svcRtxMutexAcquire                     0x08003a30   Section        0  rtx_mutex.o(i.svcRtxMutexAcquire)
    svcRtxMutexAcquire                       0x08003a31   Thumb Code   264  rtx_mutex.o(i.svcRtxMutexAcquire)
    i.svcRtxMutexDelete                      0x08003b3c   Section        0  rtx_mutex.o(i.svcRtxMutexDelete)
    svcRtxMutexDelete                        0x08003b3d   Thumb Code   224  rtx_mutex.o(i.svcRtxMutexDelete)
    i.svcRtxMutexNew                         0x08003c20   Section        0  rtx_mutex.o(i.svcRtxMutexNew)
    svcRtxMutexNew                           0x08003c21   Thumb Code   168  rtx_mutex.o(i.svcRtxMutexNew)
    i.svcRtxMutexRelease                     0x08003ccc   Section        0  rtx_mutex.o(i.svcRtxMutexRelease)
    svcRtxMutexRelease                       0x08003ccd   Thumb Code   268  rtx_mutex.o(i.svcRtxMutexRelease)
    i.svcRtxThreadExit                       0x08003ddc   Section        0  rtx_thread.o(i.svcRtxThreadExit)
    svcRtxThreadExit                         0x08003ddd   Thumb Code   134  rtx_thread.o(i.svcRtxThreadExit)
    i.svcRtxThreadFlagsSet                   0x08003e68   Section        0  rtx_thread.o(i.svcRtxThreadFlagsSet)
    svcRtxThreadFlagsSet                     0x08003e69   Thumb Code   154  rtx_thread.o(i.svcRtxThreadFlagsSet)
    i.svcRtxThreadFlagsWait                  0x08003f02   Section        0  rtx_thread.o(i.svcRtxThreadFlagsWait)
    svcRtxThreadFlagsWait                    0x08003f03   Thumb Code   146  rtx_thread.o(i.svcRtxThreadFlagsWait)
    i.svcRtxThreadNew                        0x08003f94   Section        0  rtx_thread.o(i.svcRtxThreadNew)
    svcRtxThreadNew                          0x08003f95   Thumb Code   612  rtx_thread.o(i.svcRtxThreadNew)
    i.ui_setup                               0x0800420c   Section        0  main.o(i.ui_setup)
    .constdata                               0x080043cc   Section    230416  main.o(.constdata)
    .constdata                               0x0803c7dc   Section    18948  tftlcd.o(.constdata)
    .constdata                               0x080411e0   Section        1  irq_cm3.o(.constdata)
    .constdata                               0x080411e4   Section      100  rtx_lib.o(.constdata)
    os_idle_thread_attr                      0x080411e4   Data          36  rtx_lib.o(.constdata)
    os_timer_thread_attr                     0x08041208   Data          36  rtx_lib.o(.constdata)
    os_timer_mq_attr                         0x0804122c   Data          24  rtx_lib.o(.constdata)
    .conststring                             0x08041248   Section       46  main.o(.conststring)
    .conststrlit                             0x08041278   Section       11  rtx_kernel.o(.conststrlit)
    .rodata                                  0x08041284   Section      160  rtx_lib.o(.rodata)
    __tagsym$$used                           0x08041284   Number         0  rtx_lib.o(.rodata)
    __tagsym$$used                           0x080412ec   Number         0  rtx_lib.o(.rodata)
    .bss.os                                  0x20000000   Section     4160  rtx_lib.o(.bss.os)
    os_mem                                   0x20000000   Data        4096  rtx_lib.o(.bss.os)
    os_isr_queue                             0x20001000   Data          64  rtx_lib.o(.bss.os)
    .bss.os.msgqueue.cb                      0x20001040   Section       52  rtx_lib.o(.bss.os.msgqueue.cb)
    os_timer_mq_cb                           0x20001040   Data          52  rtx_lib.o(.bss.os.msgqueue.cb)
    .bss.os.msgqueue.mem                     0x20001074   Section       80  rtx_lib.o(.bss.os.msgqueue.mem)
    os_timer_mq_data                         0x20001074   Data          80  rtx_lib.o(.bss.os.msgqueue.mem)
    .bss.os.thread.cb                        0x200010c4   Section      136  rtx_lib.o(.bss.os.thread.cb)
    os_idle_thread_cb                        0x200010c4   Data          68  rtx_lib.o(.bss.os.thread.cb)
    os_timer_thread_cb                       0x20001108   Data          68  rtx_lib.o(.bss.os.thread.cb)
    .bss.os.thread.stack                     0x20001150   Section      400  rtx_lib.o(.bss.os.thread.stack)
    os_idle_thread_stack                     0x20001150   Data         200  rtx_lib.o(.bss.os.thread.stack)
    os_timer_thread_stack                    0x20001218   Data         200  rtx_lib.o(.bss.os.thread.stack)
    .data                                    0x200012e0   Section      253  main.o(.data)
    fac_us                                   0x20001312   Data           1  main.o(.data)
    fac_ms                                   0x20001314   Data           2  main.o(.data)
    state                                    0x20001316   Data           2  main.o(.data)
    old_state                                0x20001318   Data           2  main.o(.data)
    input_num                                0x2000131a   Data           2  main.o(.data)
    key_up                                   0x200013dc   Data           1  main.o(.data)
    .data                                    0x200013de   Section       12  tftlcd.o(.data)
    .data                                    0x200013ec   Section        5  rtx_lib.o(.data)
    os_kernel_active                         0x200013f0   Data           1  rtx_lib.o(.data)
    .data                                    0x200013f1   Section        1  os_systick.o(.data)
    PendST                                   0x200013f1   Data           1  os_systick.o(.data)
    .data                                    0x200013f4   Section       20  system_stm32f10x.o(.data)
    .data.os                                 0x20001408   Section      164  rtx_kernel.o(.data.os)
    .bss                                     0x200014ac   Section       96  libspace.o(.bss)
    HEAP                                     0x20001510   Section      512  startup_stm32f10x_hd.o(HEAP)
    Heap_Mem                                 0x20001510   Data         512  startup_stm32f10x_hd.o(HEAP)
    STACK                                    0x20001710   Section     1024  startup_stm32f10x_hd.o(STACK)
    Stack_Mem                                0x20001710   Data        1024  startup_stm32f10x_hd.o(STACK)
    __initial_sp                             0x20001b10   Data           0  startup_stm32f10x_hd.o(STACK)

    Global Symbols

    Symbol Name                              Value     Ov Type        Size  Object(Section)

    BuildAttributes$$THM_ISAv4$P$D$K$B$S$PE$A:L22UL41UL21$X:L11$S22US41US21$IEEE1$IW$USESV6$~STKCKD$USESV7$~SHL$OSPACE$ROPI$EBA8$UX$STANDARDLIB$REQ8$PRES8$EABIv2 0x00000000   Number         0  anon$$obj.o ABSOLUTE
    __ARM_use_no_argv                        0x00000000   Number         0  main.o ABSOLUTE
    .bss.os.evflags.cb$$Base                  - Undefined Weak Reference
    .bss.os.evflags.cb$$Limit                 - Undefined Weak Reference
    .bss.os.mempool.cb$$Base                  - Undefined Weak Reference
    .bss.os.mempool.cb$$Limit                 - Undefined Weak Reference
    .bss.os.mutex.cb$$Base                    - Undefined Weak Reference
    .bss.os.mutex.cb$$Limit                   - Undefined Weak Reference
    .bss.os.semaphore.cb$$Base                - Undefined Weak Reference
    .bss.os.semaphore.cb$$Limit               - Undefined Weak Reference
    .bss.os.timer.cb$$Base                    - Undefined Weak Reference
    .bss.os.timer.cb$$Limit                   - Undefined Weak Reference
    __ARM_exceptions_init                     - Undefined Weak Reference
    __alloca_initialize                       - Undefined Weak Reference
    __arm_preinit_                            - Undefined Weak Reference
    __cpp_initialize__aeabi_                  - Undefined Weak Reference
    __cxa_finalize                            - Undefined Weak Reference
    __rt_locale                               - Undefined Weak Reference
    __sigvec_lookup                           - Undefined Weak Reference
    _atexit_init                              - Undefined Weak Reference
    _call_atexit_fns                          - Undefined Weak Reference
    _clock_init                               - Undefined Weak Reference
    _fp_trap_init                             - Undefined Weak Reference
    _fp_trap_shutdown                         - Undefined Weak Reference
    _get_lc_collate                           - Undefined Weak Reference
    _get_lc_ctype                             - Undefined Weak Reference
    _get_lc_monetary                          - Undefined Weak Reference
    _get_lc_numeric                           - Undefined Weak Reference
    _get_lc_time                              - Undefined Weak Reference
    _getenv_init                              - Undefined Weak Reference
    _handle_redirection                       - Undefined Weak Reference
    _init_alloc                               - Undefined Weak Reference
    _init_user_alloc                          - Undefined Weak Reference
    _initio                                   - Undefined Weak Reference
    _rand_init                                - Undefined Weak Reference
    _signal_finish                            - Undefined Weak Reference
    _signal_init                              - Undefined Weak Reference
    _terminate_alloc                          - Undefined Weak Reference
    _terminate_user_alloc                     - Undefined Weak Reference
    _terminateio                              - Undefined Weak Reference
    __Vectors_Size                           0x00000130   Number         0  startup_stm32f10x_hd.o ABSOLUTE
    __Vectors                                0x08000000   Data           4  startup_stm32f10x_hd.o(RESET)
    __Vectors_End                            0x08000130   Data           0  startup_stm32f10x_hd.o(RESET)
    __main                                   0x08000131   Thumb Code     8  __main.o(!!!main)
    __scatterload                            0x08000139   Thumb Code     0  __scatter.o(!!!scatter)
    __scatterload_rt2                        0x08000139   Thumb Code    44  __scatter.o(!!!scatter)
    __scatterload_rt2_thumb_only             0x08000139   Thumb Code     0  __scatter.o(!!!scatter)
    __scatterload_null                       0x08000147   Thumb Code     0  __scatter.o(!!!scatter)
    __decompress                             0x0800016d   Thumb Code    90  __dczerorl2.o(!!dczerorl2)
    __decompress1                            0x0800016d   Thumb Code     0  __dczerorl2.o(!!dczerorl2)
    __scatterload_zeroinit                   0x080001c9   Thumb Code    28  __scatter_zi.o(!!handler_zi)
    __rt_lib_init                            0x080001e5   Thumb Code     0  libinit.o(.ARM.Collect$$libinit$$00000000)
    __rt_lib_init_alloca_1                   0x080001e7   Thumb Code     0  libinit2.o(.ARM.Collect$$libinit$$0000002E)
    __rt_lib_init_argv_1                     0x080001e7   Thumb Code     0  libinit2.o(.ARM.Collect$$libinit$$0000002C)
    __rt_lib_init_atexit_1                   0x080001e7   Thumb Code     0  libinit2.o(.ARM.Collect$$libinit$$0000001B)
    __rt_lib_init_clock_1                    0x080001e7   Thumb Code     0  libinit2.o(.ARM.Collect$$libinit$$00000021)
    __rt_lib_init_cpp_1                      0x080001e7   Thumb Code     0  libinit2.o(.ARM.Collect$$libinit$$00000032)
    __rt_lib_init_exceptions_1               0x080001e7   Thumb Code     0  libinit2.o(.ARM.Collect$$libinit$$00000030)
    __rt_lib_init_fp_1                       0x080001e7   Thumb Code     0  libinit2.o(.ARM.Collect$$libinit$$00000002)
    __rt_lib_init_fp_trap_1                  0x080001e7   Thumb Code     0  libinit2.o(.ARM.Collect$$libinit$$0000001F)
    __rt_lib_init_getenv_1                   0x080001e7   Thumb Code     0  libinit2.o(.ARM.Collect$$libinit$$00000023)
    __rt_lib_init_heap_1                     0x080001e7   Thumb Code     0  libinit2.o(.ARM.Collect$$libinit$$0000000A)
    __rt_lib_init_lc_collate_1               0x080001e7   Thumb Code     0  libinit2.o(.ARM.Collect$$libinit$$00000011)
    __rt_lib_init_lc_ctype_1                 0x080001e7   Thumb Code     0  libinit2.o(.ARM.Collect$$libinit$$00000013)
    __rt_lib_init_lc_monetary_1              0x080001e7   Thumb Code     0  libinit2.o(.ARM.Collect$$libinit$$00000015)
    __rt_lib_init_lc_numeric_1               0x080001e7   Thumb Code     0  libinit2.o(.ARM.Collect$$libinit$$00000017)
    __rt_lib_init_lc_time_1                  0x080001e7   Thumb Code     0  libinit2.o(.ARM.Collect$$libinit$$00000019)
    __rt_lib_init_preinit_1                  0x080001e7   Thumb Code     0  libinit2.o(.ARM.Collect$$libinit$$00000004)
    __rt_lib_init_rand_1                     0x080001e7   Thumb Code     0  libinit2.o(.ARM.Collect$$libinit$$0000000E)
    __rt_lib_init_return                     0x080001e7   Thumb Code     0  libinit2.o(.ARM.Collect$$libinit$$00000033)
    __rt_lib_init_signal_1                   0x080001e7   Thumb Code     0  libinit2.o(.ARM.Collect$$libinit$$0000001D)
    __rt_lib_init_stdio_1                    0x080001e7   Thumb Code     0  libinit2.o(.ARM.Collect$$libinit$$00000025)
    __rt_lib_init_user_alloc_1               0x080001e7   Thumb Code     0  libinit2.o(.ARM.Collect$$libinit$$0000000C)
    __rt_lib_shutdown                        0x080001e9   Thumb Code     0  libshutdown.o(.ARM.Collect$$libshutdown$$00000000)
    __rt_lib_shutdown_cpp_1                  0x080001eb   Thumb Code     0  libshutdown2.o(.ARM.Collect$$libshutdown$$00000002)
    __rt_lib_shutdown_fp_trap_1              0x080001eb   Thumb Code     0  libshutdown2.o(.ARM.Collect$$libshutdown$$00000007)
    __rt_lib_shutdown_heap_1                 0x080001eb   Thumb Code     0  libshutdown2.o(.ARM.Collect$$libshutdown$$0000000F)
    __rt_lib_shutdown_return                 0x080001eb   Thumb Code     0  libshutdown2.o(.ARM.Collect$$libshutdown$$00000010)
    __rt_lib_shutdown_signal_1               0x080001eb   Thumb Code     0  libshutdown2.o(.ARM.Collect$$libshutdown$$0000000A)
    __rt_lib_shutdown_stdio_1                0x080001eb   Thumb Code     0  libshutdown2.o(.ARM.Collect$$libshutdown$$00000004)
    __rt_lib_shutdown_user_alloc_1           0x080001eb   Thumb Code     0  libshutdown2.o(.ARM.Collect$$libshutdown$$0000000C)
    __rt_entry                               0x080001ed   Thumb Code     0  __rtentry.o(.ARM.Collect$$rtentry$$00000000)
    __rt_entry_presh_1                       0x080001ed   Thumb Code     0  __rtentry2.o(.ARM.Collect$$rtentry$$00000002)
    __rt_entry_sh                            0x080001ed   Thumb Code     0  __rtentry4.o(.ARM.Collect$$rtentry$$00000004)
    __rt_entry_postsh_1                      0x080001f3   Thumb Code     0  __rtentry2.o(.ARM.Collect$$rtentry$$00000008)
    __rt_entry_li                            0x080001fb   Thumb Code     0  __rtentry2.o(.ARM.Collect$$rtentry$$0000000A)
    __rt_entry_main                          0x080001ff   Thumb Code     0  __rtentry2.o(.ARM.Collect$$rtentry$$0000000D)
    __rt_entry_postli_1                      0x080001ff   Thumb Code     0  __rtentry2.o(.ARM.Collect$$rtentry$$0000000C)
    __rt_exit                                0x08000207   Thumb Code     0  rtexit.o(.ARM.Collect$$rtexit$$00000000)
    __rt_exit_ls                             0x08000209   Thumb Code     0  rtexit2.o(.ARM.Collect$$rtexit$$00000003)
    __rt_exit_prels_1                        0x08000209   Thumb Code     0  rtexit2.o(.ARM.Collect$$rtexit$$00000002)
    __rt_exit_exit                           0x0800020d   Thumb Code     0  rtexit2.o(.ARM.Collect$$rtexit$$00000004)
    __asm___13_rtx_mempool_c_7914b4c7__atomic_wr8 0x08000215   Thumb Code    16  rtx_mempool.o(.emb_text)
    __asm___13_rtx_mempool_c_7914b4c7__atomic_set32 0x08000225   Thumb Code    20  rtx_mempool.o(.emb_text)
    __asm___13_rtx_mempool_c_7914b4c7__atomic_clr32 0x08000239   Thumb Code    22  rtx_mempool.o(.emb_text)
    __asm___13_rtx_mempool_c_7914b4c7__atomic_chk32_all 0x0800024f   Thumb Code    38  rtx_mempool.o(.emb_text)
    __asm___13_rtx_mempool_c_7914b4c7__atomic_chk32_any 0x08000275   Thumb Code    34  rtx_mempool.o(.emb_text)
    __asm___13_rtx_mempool_c_7914b4c7__atomic_inc32 0x08000297   Thumb Code    18  rtx_mempool.o(.emb_text)
    __asm___13_rtx_mempool_c_7914b4c7__atomic_inc16_lt 0x080002a9   Thumb Code    30  rtx_mempool.o(.emb_text)
    __asm___13_rtx_mempool_c_7914b4c7__atomic_inc16_lim 0x080002c7   Thumb Code    26  rtx_mempool.o(.emb_text)
    __asm___13_rtx_mempool_c_7914b4c7__atomic_dec32 0x080002e1   Thumb Code    18  rtx_mempool.o(.emb_text)
    __asm___13_rtx_mempool_c_7914b4c7__atomic_dec32_nz 0x080002f3   Thumb Code    26  rtx_mempool.o(.emb_text)
    __asm___13_rtx_mempool_c_7914b4c7__atomic_dec16_nz 0x0800030d   Thumb Code    26  rtx_mempool.o(.emb_text)
    __asm___13_rtx_mempool_c_7914b4c7__atomic_link_get 0x08000327   Thumb Code    26  rtx_mempool.o(.emb_text)
    __asm___13_rtx_mempool_c_7914b4c7__atomic_link_put 0x08000341   Thumb Code    28  rtx_mempool.o(.emb_text)
    __asm___14_rtx_msgqueue_c_ba128ae8__atomic_wr8 0x0800035d   Thumb Code    16  rtx_msgqueue.o(.emb_text)
    __asm___14_rtx_msgqueue_c_ba128ae8__atomic_set32 0x0800036d   Thumb Code    20  rtx_msgqueue.o(.emb_text)
    __asm___14_rtx_msgqueue_c_ba128ae8__atomic_clr32 0x08000381   Thumb Code    22  rtx_msgqueue.o(.emb_text)
    __asm___14_rtx_msgqueue_c_ba128ae8__atomic_chk32_all 0x08000397   Thumb Code    38  rtx_msgqueue.o(.emb_text)
    __asm___14_rtx_msgqueue_c_ba128ae8__atomic_chk32_any 0x080003bd   Thumb Code    34  rtx_msgqueue.o(.emb_text)
    __asm___14_rtx_msgqueue_c_ba128ae8__atomic_inc32 0x080003df   Thumb Code    18  rtx_msgqueue.o(.emb_text)
    __asm___14_rtx_msgqueue_c_ba128ae8__atomic_inc16_lt 0x080003f1   Thumb Code    30  rtx_msgqueue.o(.emb_text)
    __asm___14_rtx_msgqueue_c_ba128ae8__atomic_inc16_lim 0x0800040f   Thumb Code    26  rtx_msgqueue.o(.emb_text)
    __asm___14_rtx_msgqueue_c_ba128ae8__atomic_dec32 0x08000429   Thumb Code    18  rtx_msgqueue.o(.emb_text)
    __asm___14_rtx_msgqueue_c_ba128ae8__atomic_dec32_nz 0x0800043b   Thumb Code    26  rtx_msgqueue.o(.emb_text)
    __asm___14_rtx_msgqueue_c_ba128ae8__atomic_dec16_nz 0x08000455   Thumb Code    26  rtx_msgqueue.o(.emb_text)
    __asm___14_rtx_msgqueue_c_ba128ae8__atomic_link_get 0x0800046f   Thumb Code    26  rtx_msgqueue.o(.emb_text)
    __asm___14_rtx_msgqueue_c_ba128ae8__atomic_link_put 0x08000489   Thumb Code    28  rtx_msgqueue.o(.emb_text)
    __asm___12_rtx_system_c_024f2f18__atomic_wr8 0x080004a5   Thumb Code    16  rtx_system.o(.emb_text)
    __asm___12_rtx_system_c_024f2f18__atomic_set32 0x080004b5   Thumb Code    20  rtx_system.o(.emb_text)
    __asm___12_rtx_system_c_024f2f18__atomic_clr32 0x080004c9   Thumb Code    22  rtx_system.o(.emb_text)
    __asm___12_rtx_system_c_024f2f18__atomic_chk32_all 0x080004df   Thumb Code    38  rtx_system.o(.emb_text)
    __asm___12_rtx_system_c_024f2f18__atomic_chk32_any 0x08000505   Thumb Code    34  rtx_system.o(.emb_text)
    __asm___12_rtx_system_c_024f2f18__atomic_inc32 0x08000527   Thumb Code    18  rtx_system.o(.emb_text)
    __asm___12_rtx_system_c_024f2f18__atomic_inc16_lt 0x08000539   Thumb Code    30  rtx_system.o(.emb_text)
    __asm___12_rtx_system_c_024f2f18__atomic_inc16_lim 0x08000557   Thumb Code    26  rtx_system.o(.emb_text)
    __asm___12_rtx_system_c_024f2f18__atomic_dec32 0x08000571   Thumb Code    18  rtx_system.o(.emb_text)
    __asm___12_rtx_system_c_024f2f18__atomic_dec32_nz 0x08000583   Thumb Code    26  rtx_system.o(.emb_text)
    __asm___12_rtx_system_c_024f2f18__atomic_dec16_nz 0x0800059d   Thumb Code    26  rtx_system.o(.emb_text)
    __asm___12_rtx_system_c_024f2f18__atomic_link_get 0x080005b7   Thumb Code    26  rtx_system.o(.emb_text)
    __asm___12_rtx_system_c_024f2f18__atomic_link_put 0x080005d1   Thumb Code    28  rtx_system.o(.emb_text)
    __asm___12_rtx_thread_c_add96be5__atomic_wr8 0x080005ed   Thumb Code    16  rtx_thread.o(.emb_text)
    __asm___12_rtx_thread_c_add96be5__atomic_set32 0x080005fd   Thumb Code    20  rtx_thread.o(.emb_text)
    __asm___12_rtx_thread_c_add96be5__atomic_clr32 0x08000611   Thumb Code    22  rtx_thread.o(.emb_text)
    __asm___12_rtx_thread_c_add96be5__atomic_chk32_all 0x08000627   Thumb Code    38  rtx_thread.o(.emb_text)
    __asm___12_rtx_thread_c_add96be5__atomic_chk32_any 0x0800064d   Thumb Code    34  rtx_thread.o(.emb_text)
    __asm___12_rtx_thread_c_add96be5__atomic_inc32 0x0800066f   Thumb Code    18  rtx_thread.o(.emb_text)
    __asm___12_rtx_thread_c_add96be5__atomic_inc16_lt 0x08000681   Thumb Code    30  rtx_thread.o(.emb_text)
    __asm___12_rtx_thread_c_add96be5__atomic_inc16_lim 0x0800069f   Thumb Code    26  rtx_thread.o(.emb_text)
    __asm___12_rtx_thread_c_add96be5__atomic_dec32 0x080006b9   Thumb Code    18  rtx_thread.o(.emb_text)
    __asm___12_rtx_thread_c_add96be5__atomic_dec32_nz 0x080006cb   Thumb Code    26  rtx_thread.o(.emb_text)
    __asm___12_rtx_thread_c_add96be5__atomic_dec16_nz 0x080006e5   Thumb Code    26  rtx_thread.o(.emb_text)
    __asm___12_rtx_thread_c_add96be5__atomic_link_get 0x080006ff   Thumb Code    26  rtx_thread.o(.emb_text)
    __asm___12_rtx_thread_c_add96be5__atomic_link_put 0x08000719   Thumb Code    28  rtx_thread.o(.emb_text)
    SVC_Handler                              0x08000735   Thumb Code   108  irq_cm3.o(.text)
    PendSV_Handler                           0x080007a1   Thumb Code    16  irq_cm3.o(.text)
    SysTick_Handler                          0x080007b1   Thumb Code    16  irq_cm3.o(.text)
    Reset_Handler                            0x080007c9   Thumb Code     8  startup_stm32f10x_hd.o(.text)
    NMI_Handler                              0x080007d1   Thumb Code     2  startup_stm32f10x_hd.o(.text)
    HardFault_Handler                        0x080007d3   Thumb Code     2  startup_stm32f10x_hd.o(.text)
    MemManage_Handler                        0x080007d5   Thumb Code     2  startup_stm32f10x_hd.o(.text)
    BusFault_Handler                         0x080007d7   Thumb Code     2  startup_stm32f10x_hd.o(.text)
    UsageFault_Handler                       0x080007d9   Thumb Code     2  startup_stm32f10x_hd.o(.text)
    DebugMon_Handler                         0x080007dd   Thumb Code     2  startup_stm32f10x_hd.o(.text)
    ADC1_2_IRQHandler                        0x080007e3   Thumb Code     0  startup_stm32f10x_hd.o(.text)
    ADC3_IRQHandler                          0x080007e3   Thumb Code     0  startup_stm32f10x_hd.o(.text)
    CAN1_RX1_IRQHandler                      0x080007e3   Thumb Code     0  startup_stm32f10x_hd.o(.text)
    CAN1_SCE_IRQHandler                      0x080007e3   Thumb Code     0  startup_stm32f10x_hd.o(.text)
    DMA1_Channel1_IRQHandler                 0x080007e3   Thumb Code     0  startup_stm32f10x_hd.o(.text)
    DMA1_Channel2_IRQHandler                 0x080007e3   Thumb Code     0  startup_stm32f10x_hd.o(.text)
    DMA1_Channel3_IRQHandler                 0x080007e3   Thumb Code     0  startup_stm32f10x_hd.o(.text)
    DMA1_Channel4_IRQHandler                 0x080007e3   Thumb Code     0  startup_stm32f10x_hd.o(.text)
    DMA1_Channel5_IRQHandler                 0x080007e3   Thumb Code     0  startup_stm32f10x_hd.o(.text)
    DMA1_Channel6_IRQHandler                 0x080007e3   Thumb Code     0  startup_stm32f10x_hd.o(.text)
    DMA1_Channel7_IRQHandler                 0x080007e3   Thumb Code     0  startup_stm32f10x_hd.o(.text)
    DMA2_Channel1_IRQHandler                 0x080007e3   Thumb Code     0  startup_stm32f10x_hd.o(.text)
    DMA2_Channel2_IRQHandler                 0x080007e3   Thumb Code     0  startup_stm32f10x_hd.o(.text)
    DMA2_Channel3_IRQHandler                 0x080007e3   Thumb Code     0  startup_stm32f10x_hd.o(.text)
    DMA2_Channel4_5_IRQHandler               0x080007e3   Thumb Code     0  startup_stm32f10x_hd.o(.text)
    EXTI0_IRQHandler                         0x080007e3   Thumb Code     0  startup_stm32f10x_hd.o(.text)
    EXTI15_10_IRQHandler                     0x080007e3   Thumb Code     0  startup_stm32f10x_hd.o(.text)
    EXTI1_IRQHandler                         0x080007e3   Thumb Code     0  startup_stm32f10x_hd.o(.text)
    EXTI2_IRQHandler                         0x080007e3   Thumb Code     0  startup_stm32f10x_hd.o(.text)
    EXTI3_IRQHandler                         0x080007e3   Thumb Code     0  startup_stm32f10x_hd.o(.text)
    EXTI4_IRQHandler                         0x080007e3   Thumb Code     0  startup_stm32f10x_hd.o(.text)
    EXTI9_5_IRQHandler                       0x080007e3   Thumb Code     0  startup_stm32f10x_hd.o(.text)
    FLASH_IRQHandler                         0x080007e3   Thumb Code     0  startup_stm32f10x_hd.o(.text)
    FSMC_IRQHandler                          0x080007e3   Thumb Code     0  startup_stm32f10x_hd.o(.text)
    I2C1_ER_IRQHandler                       0x080007e3   Thumb Code     0  startup_stm32f10x_hd.o(.text)
    I2C1_EV_IRQHandler                       0x080007e3   Thumb Code     0  startup_stm32f10x_hd.o(.text)
    I2C2_ER_IRQHandler                       0x080007e3   Thumb Code     0  startup_stm32f10x_hd.o(.text)
    I2C2_EV_IRQHandler                       0x080007e3   Thumb Code     0  startup_stm32f10x_hd.o(.text)
    PVD_IRQHandler                           0x080007e3   Thumb Code     0  startup_stm32f10x_hd.o(.text)
    RCC_IRQHandler                           0x080007e3   Thumb Code     0  startup_stm32f10x_hd.o(.text)
    RTCAlarm_IRQHandler                      0x080007e3   Thumb Code     0  startup_stm32f10x_hd.o(.text)
    RTC_IRQHandler                           0x080007e3   Thumb Code     0  startup_stm32f10x_hd.o(.text)
    SDIO_IRQHandler                          0x080007e3   Thumb Code     0  startup_stm32f10x_hd.o(.text)
    SPI1_IRQHandler                          0x080007e3   Thumb Code     0  startup_stm32f10x_hd.o(.text)
    SPI2_IRQHandler                          0x080007e3   Thumb Code     0  startup_stm32f10x_hd.o(.text)
    SPI3_IRQHandler                          0x080007e3   Thumb Code     0  startup_stm32f10x_hd.o(.text)
    TAMPER_IRQHandler                        0x080007e3   Thumb Code     0  startup_stm32f10x_hd.o(.text)
    TIM1_BRK_IRQHandler                      0x080007e3   Thumb Code     0  startup_stm32f10x_hd.o(.text)
    TIM1_CC_IRQHandler                       0x080007e3   Thumb Code     0  startup_stm32f10x_hd.o(.text)
    TIM1_TRG_COM_IRQHandler                  0x080007e3   Thumb Code     0  startup_stm32f10x_hd.o(.text)
    TIM1_UP_IRQHandler                       0x080007e3   Thumb Code     0  startup_stm32f10x_hd.o(.text)
    TIM2_IRQHandler                          0x080007e3   Thumb Code     0  startup_stm32f10x_hd.o(.text)
    TIM3_IRQHandler                          0x080007e3   Thumb Code     0  startup_stm32f10x_hd.o(.text)
    TIM4_IRQHandler                          0x080007e3   Thumb Code     0  startup_stm32f10x_hd.o(.text)
    TIM5_IRQHandler                          0x080007e3   Thumb Code     0  startup_stm32f10x_hd.o(.text)
    TIM6_IRQHandler                          0x080007e3   Thumb Code     0  startup_stm32f10x_hd.o(.text)
    TIM7_IRQHandler                          0x080007e3   Thumb Code     0  startup_stm32f10x_hd.o(.text)
    TIM8_BRK_IRQHandler                      0x080007e3   Thumb Code     0  startup_stm32f10x_hd.o(.text)
    TIM8_CC_IRQHandler                       0x080007e3   Thumb Code     0  startup_stm32f10x_hd.o(.text)
    TIM8_TRG_COM_IRQHandler                  0x080007e3   Thumb Code     0  startup_stm32f10x_hd.o(.text)
    TIM8_UP_IRQHandler                       0x080007e3   Thumb Code     0  startup_stm32f10x_hd.o(.text)
    UART4_IRQHandler                         0x080007e3   Thumb Code     0  startup_stm32f10x_hd.o(.text)
    UART5_IRQHandler                         0x080007e3   Thumb Code     0  startup_stm32f10x_hd.o(.text)
    USART1_IRQHandler                        0x080007e3   Thumb Code     0  startup_stm32f10x_hd.o(.text)
    USART2_IRQHandler                        0x080007e3   Thumb Code     0  startup_stm32f10x_hd.o(.text)
    USART3_IRQHandler                        0x080007e3   Thumb Code     0  startup_stm32f10x_hd.o(.text)
    USBWakeUp_IRQHandler                     0x080007e3   Thumb Code     0  startup_stm32f10x_hd.o(.text)
    USB_HP_CAN1_TX_IRQHandler                0x080007e3   Thumb Code     0  startup_stm32f10x_hd.o(.text)
    USB_LP_CAN1_RX0_IRQHandler               0x080007e3   Thumb Code     0  startup_stm32f10x_hd.o(.text)
    WWDG_IRQHandler                          0x080007e3   Thumb Code     0  startup_stm32f10x_hd.o(.text)
    __user_initial_stackheap                 0x080007e5   Thumb Code     0  startup_stm32f10x_hd.o(.text)
    __aeabi_memcpy                           0x08000809   Thumb Code     0  rt_memcpy_v6.o(.text)
    __rt_memcpy                              0x08000809   Thumb Code   138  rt_memcpy_v6.o(.text)
    _memcpy_lastbytes                        0x0800086f   Thumb Code     0  rt_memcpy_v6.o(.text)
    __aeabi_memclr                           0x08000893   Thumb Code     0  rt_memclr.o(.text)
    __rt_memclr                              0x08000893   Thumb Code    68  rt_memclr.o(.text)
    _memset                                  0x08000897   Thumb Code     0  rt_memclr.o(.text)
    __aeabi_memclr4                          0x080008d7   Thumb Code     0  rt_memclr_w.o(.text)
    __aeabi_memclr8                          0x080008d7   Thumb Code     0  rt_memclr_w.o(.text)
    __rt_memclr_w                            0x080008d7   Thumb Code    78  rt_memclr_w.o(.text)
    _memset_w                                0x080008db   Thumb Code     0  rt_memclr_w.o(.text)
    __use_two_region_memory                  0x08000925   Thumb Code     2  heapauxi.o(.text)
    __rt_heap_escrow$2region                 0x08000927   Thumb Code     2  heapauxi.o(.text)
    __rt_heap_expand$2region                 0x08000929   Thumb Code     2  heapauxi.o(.text)
    __aeabi_memcpy4                          0x0800092b   Thumb Code     0  rt_memcpy_w.o(.text)
    __aeabi_memcpy8                          0x0800092b   Thumb Code     0  rt_memcpy_w.o(.text)
    __rt_memcpy_w                            0x0800092b   Thumb Code   100  rt_memcpy_w.o(.text)
    _memcpy_lastbytes_aligned                0x08000973   Thumb Code     0  rt_memcpy_w.o(.text)
    __user_setup_stackheap                   0x0800098f   Thumb Code    74  sys_stackheap_outer.o(.text)
    exit                                     0x080009d9   Thumb Code    18  exit.o(.text)
    __user_libspace                          0x080009ed   Thumb Code     8  libspace.o(.text)
    __user_perproc_libspace                  0x080009ed   Thumb Code     0  libspace.o(.text)
    _sys_exit                                0x080009f5   Thumb Code     8  sys_exit.o(.text)
    __I$use$semihosting                      0x08000a01   Thumb Code     0  use_no_semi.o(.text)
    __use_no_semihosting_swi                 0x08000a01   Thumb Code     2  use_no_semi.o(.text)
    EvrRtxDelay                              0x08000a03   Thumb Code     2  rtx_evr.o(i.EvrRtxDelay)
    __semihosting_library_function           0x08000a03   Thumb Code     0  indicate_semi.o(.text)
    EvrRtxDelayCompleted                     0x08000a05   Thumb Code     2  rtx_evr.o(i.EvrRtxDelayCompleted)
    EvrRtxDelayError                         0x08000a07   Thumb Code     2  rtx_evr.o(i.EvrRtxDelayError)
    EvrRtxDelayStarted                       0x08000a09   Thumb Code     2  rtx_evr.o(i.EvrRtxDelayStarted)
    EvrRtxEventFlagsWaitTimeout              0x08000a0b   Thumb Code     2  rtx_evr.o(i.EvrRtxEventFlagsWaitTimeout)
    EvrRtxKernelError                        0x08000a0d   Thumb Code     2  rtx_evr.o(i.EvrRtxKernelError)
    EvrRtxKernelGetState                     0x08000a0f   Thumb Code     2  rtx_evr.o(i.EvrRtxKernelGetState)
    EvrRtxKernelInitialize                   0x08000a11   Thumb Code     2  rtx_evr.o(i.EvrRtxKernelInitialize)
    EvrRtxKernelInitialized                  0x08000a13   Thumb Code     2  rtx_evr.o(i.EvrRtxKernelInitialized)
    EvrRtxKernelStart                        0x08000a15   Thumb Code     2  rtx_evr.o(i.EvrRtxKernelStart)
    EvrRtxKernelStarted                      0x08000a17   Thumb Code     2  rtx_evr.o(i.EvrRtxKernelStarted)
    EvrRtxMemoryAlloc                        0x08000a19   Thumb Code     2  rtx_evr.o(i.EvrRtxMemoryAlloc)
    EvrRtxMemoryBlockAlloc                   0x08000a1b   Thumb Code     2  rtx_evr.o(i.EvrRtxMemoryBlockAlloc)
    EvrRtxMemoryBlockFree                    0x08000a1d   Thumb Code     2  rtx_evr.o(i.EvrRtxMemoryBlockFree)
    EvrRtxMemoryBlockInit                    0x08000a1f   Thumb Code     2  rtx_evr.o(i.EvrRtxMemoryBlockInit)
    EvrRtxMemoryFree                         0x08000a21   Thumb Code     2  rtx_evr.o(i.EvrRtxMemoryFree)
    EvrRtxMemoryInit                         0x08000a23   Thumb Code     2  rtx_evr.o(i.EvrRtxMemoryInit)
    EvrRtxMemoryPoolAllocTimeout             0x08000a25   Thumb Code     2  rtx_evr.o(i.EvrRtxMemoryPoolAllocTimeout)
    EvrRtxMessageQueueCreated                0x08000a27   Thumb Code     2  rtx_evr.o(i.EvrRtxMessageQueueCreated)
    EvrRtxMessageQueueError                  0x08000a29   Thumb Code     2  rtx_evr.o(i.EvrRtxMessageQueueError)
    EvrRtxMessageQueueGet                    0x08000a2b   Thumb Code     2  rtx_evr.o(i.EvrRtxMessageQueueGet)
    EvrRtxMessageQueueGetPending             0x08000a2d   Thumb Code     2  rtx_evr.o(i.EvrRtxMessageQueueGetPending)
    EvrRtxMessageQueueGetTimeout             0x08000a2f   Thumb Code     2  rtx_evr.o(i.EvrRtxMessageQueueGetTimeout)
    EvrRtxMessageQueueInsertPending          0x08000a31   Thumb Code     2  rtx_evr.o(i.EvrRtxMessageQueueInsertPending)
    EvrRtxMessageQueueInserted               0x08000a33   Thumb Code     2  rtx_evr.o(i.EvrRtxMessageQueueInserted)
    EvrRtxMessageQueueNew                    0x08000a35   Thumb Code     2  rtx_evr.o(i.EvrRtxMessageQueueNew)
    EvrRtxMessageQueueNotInserted            0x08000a37   Thumb Code     2  rtx_evr.o(i.EvrRtxMessageQueueNotInserted)
    EvrRtxMessageQueueNotRetrieved           0x08000a39   Thumb Code     2  rtx_evr.o(i.EvrRtxMessageQueueNotRetrieved)
    EvrRtxMessageQueuePut                    0x08000a3b   Thumb Code     2  rtx_evr.o(i.EvrRtxMessageQueuePut)
    EvrRtxMessageQueuePutPending             0x08000a3d   Thumb Code     2  rtx_evr.o(i.EvrRtxMessageQueuePutPending)
    EvrRtxMessageQueuePutTimeout             0x08000a3f   Thumb Code     2  rtx_evr.o(i.EvrRtxMessageQueuePutTimeout)
    EvrRtxMessageQueueRetrieved              0x08000a41   Thumb Code     2  rtx_evr.o(i.EvrRtxMessageQueueRetrieved)
    EvrRtxMutexAcquire                       0x08000a43   Thumb Code     2  rtx_evr.o(i.EvrRtxMutexAcquire)
    EvrRtxMutexAcquirePending                0x08000a45   Thumb Code     2  rtx_evr.o(i.EvrRtxMutexAcquirePending)
    EvrRtxMutexAcquireTimeout                0x08000a47   Thumb Code     2  rtx_evr.o(i.EvrRtxMutexAcquireTimeout)
    EvrRtxMutexAcquired                      0x08000a49   Thumb Code     2  rtx_evr.o(i.EvrRtxMutexAcquired)
    EvrRtxMutexCreated                       0x08000a4b   Thumb Code     2  rtx_evr.o(i.EvrRtxMutexCreated)
    EvrRtxMutexDelete                        0x08000a4d   Thumb Code     2  rtx_evr.o(i.EvrRtxMutexDelete)
    EvrRtxMutexDestroyed                     0x08000a4f   Thumb Code     2  rtx_evr.o(i.EvrRtxMutexDestroyed)
    EvrRtxMutexError                         0x08000a51   Thumb Code     2  rtx_evr.o(i.EvrRtxMutexError)
    EvrRtxMutexNew                           0x08000a53   Thumb Code     2  rtx_evr.o(i.EvrRtxMutexNew)
    EvrRtxMutexNotAcquired                   0x08000a55   Thumb Code     2  rtx_evr.o(i.EvrRtxMutexNotAcquired)
    EvrRtxMutexRelease                       0x08000a57   Thumb Code     2  rtx_evr.o(i.EvrRtxMutexRelease)
    EvrRtxMutexReleased                      0x08000a59   Thumb Code     2  rtx_evr.o(i.EvrRtxMutexReleased)
    EvrRtxSemaphoreAcquireTimeout            0x08000a5b   Thumb Code     2  rtx_evr.o(i.EvrRtxSemaphoreAcquireTimeout)
    EvrRtxThreadBlocked                      0x08000a5d   Thumb Code     2  rtx_evr.o(i.EvrRtxThreadBlocked)
    EvrRtxThreadCreated                      0x08000a5f   Thumb Code     2  rtx_evr.o(i.EvrRtxThreadCreated)
    EvrRtxThreadDestroyed                    0x08000a61   Thumb Code     2  rtx_evr.o(i.EvrRtxThreadDestroyed)
    EvrRtxThreadError                        0x08000a63   Thumb Code     2  rtx_evr.o(i.EvrRtxThreadError)
    EvrRtxThreadExit                         0x08000a65   Thumb Code     2  rtx_evr.o(i.EvrRtxThreadExit)
    EvrRtxThreadFlagsError                   0x08000a67   Thumb Code     2  rtx_evr.o(i.EvrRtxThreadFlagsError)
    EvrRtxThreadFlagsSet                     0x08000a69   Thumb Code     2  rtx_evr.o(i.EvrRtxThreadFlagsSet)
    EvrRtxThreadFlagsSetDone                 0x08000a6b   Thumb Code     2  rtx_evr.o(i.EvrRtxThreadFlagsSetDone)
    EvrRtxThreadFlagsWait                    0x08000a6d   Thumb Code     2  rtx_evr.o(i.EvrRtxThreadFlagsWait)
    EvrRtxThreadFlagsWaitCompleted           0x08000a6f   Thumb Code     2  rtx_evr.o(i.EvrRtxThreadFlagsWaitCompleted)
    EvrRtxThreadFlagsWaitNotCompleted        0x08000a71   Thumb Code     2  rtx_evr.o(i.EvrRtxThreadFlagsWaitNotCompleted)
    EvrRtxThreadFlagsWaitPending             0x08000a73   Thumb Code     2  rtx_evr.o(i.EvrRtxThreadFlagsWaitPending)
    EvrRtxThreadFlagsWaitTimeout             0x08000a75   Thumb Code     2  rtx_evr.o(i.EvrRtxThreadFlagsWaitTimeout)
    EvrRtxThreadJoined                       0x08000a77   Thumb Code     2  rtx_evr.o(i.EvrRtxThreadJoined)
    EvrRtxThreadNew                          0x08000a79   Thumb Code     2  rtx_evr.o(i.EvrRtxThreadNew)
    EvrRtxThreadPreempted                    0x08000a7b   Thumb Code     2  rtx_evr.o(i.EvrRtxThreadPreempted)
    EvrRtxThreadSwitched                     0x08000a7d   Thumb Code     2  rtx_evr.o(i.EvrRtxThreadSwitched)
    EvrRtxThreadUnblocked                    0x08000a7f   Thumb Code     2  rtx_evr.o(i.EvrRtxThreadUnblocked)
    EvrRtxTimerCallback                      0x08000a81   Thumb Code     2  rtx_evr.o(i.EvrRtxTimerCallback)
    FSMC_NORSRAMCmd                          0x08000a85   Thumb Code    46  stm32f10x_fsmc.o(i.FSMC_NORSRAMCmd)
    FSMC_NORSRAMInit                         0x08000ab9   Thumb Code   230  stm32f10x_fsmc.o(i.FSMC_NORSRAMInit)
    GPIO_Init                                0x08000b9f   Thumb Code   278  stm32f10x_gpio.o(i.GPIO_Init)
    GPIO_ReadInputDataBit                    0x08000cb5   Thumb Code    18  stm32f10x_gpio.o(i.GPIO_ReadInputDataBit)
    GPIO_SetBits                             0x08000cc7   Thumb Code     4  stm32f10x_gpio.o(i.GPIO_SetBits)
    JudgePassword                            0x08000da5   Thumb Code    30  main.o(i.JudgePassword)
    KEY_GPIO_Init                            0x08000dcd   Thumb Code    86  main.o(i.KEY_GPIO_Init)
    KEY_Scan                                 0x08000e2d   Thumb Code   182  main.o(i.KEY_Scan)
    LCD_Clear                                0x08000ef1   Thumb Code    68  tftlcd.o(i.LCD_Clear)
    LCD_Display_Dir                          0x08000f39   Thumb Code    66  tftlcd.o(i.LCD_Display_Dir)
    LCD_DrawFRONT_COLOR                      0x08000f81   Thumb Code    28  tftlcd.o(i.LCD_DrawFRONT_COLOR)
    LCD_DrawLine                             0x08000f9d   Thumb Code   176  tftlcd.o(i.LCD_DrawLine)
    LCD_DrawPoint                            0x0800104d   Thumb Code    28  tftlcd.o(i.LCD_DrawPoint)
    LCD_Fill                                 0x0800106d   Thumb Code    92  tftlcd.o(i.LCD_Fill)
    LCD_Set_Window                           0x080010c9   Thumb Code   166  tftlcd.o(i.LCD_Set_Window)
    LCD_ShowChar                             0x08001171   Thumb Code   288  tftlcd.o(i.LCD_ShowChar)
    LCD_ShowPicture                          0x080012ad   Thumb Code   138  tftlcd.o(i.LCD_ShowPicture)
    LCD_ShowString                           0x08001337   Thumb Code   102  tftlcd.o(i.LCD_ShowString)
    LCD_WriteCmd                             0x0800139d   Thumb Code     6  tftlcd.o(i.LCD_WriteCmd)
    LCD_WriteData                            0x080013a9   Thumb Code     6  tftlcd.o(i.LCD_WriteData)
    LCD_WriteData_Color                      0x080013b5   Thumb Code     6  tftlcd.o(i.LCD_WriteData_Color)
    OS_Tick_AcknowledgeIRQ                   0x0800146d   Thumb Code     8  os_systick.o(i.OS_Tick_AcknowledgeIRQ)
    OS_Tick_Enable                           0x08001475   Thumb Code    38  os_systick.o(i.OS_Tick_Enable)
    OS_Tick_GetIRQn                          0x080014a5   Thumb Code     6  os_systick.o(i.OS_Tick_GetIRQn)
    OS_Tick_Setup                            0x080014ad   Thumb Code    66  os_systick.o(i.OS_Tick_Setup)
    RCC_AHBPeriphClockCmd                    0x080014fd   Thumb Code    26  stm32f10x_rcc.o(i.RCC_AHBPeriphClockCmd)
    RCC_APB2PeriphClockCmd                   0x0800151d   Thumb Code    26  stm32f10x_rcc.o(i.RCC_APB2PeriphClockCmd)
    SysTick_CLKSourceConfig                  0x08001625   Thumb Code    40  misc.o(i.SysTick_CLKSourceConfig)
    SysTick_Init                             0x0800164d   Thumb Code    52  main.o(i.SysTick_Init)
    SystemCoreClockUpdate                    0x08001689   Thumb Code   142  system_stm32f10x.o(i.SystemCoreClockUpdate)
    SystemInit                               0x0800172d   Thumb Code    78  system_stm32f10x.o(i.SystemInit)
    TFTLCD_FSMC_Init                         0x0800178d   Thumb Code   126  tftlcd.o(i.TFTLCD_FSMC_Init)
    TFTLCD_GPIO_Init                         0x0800180d   Thumb Code   132  tftlcd.o(i.TFTLCD_GPIO_Init)
    TFTLCD_Init                              0x080018a1   Thumb Code   664  tftlcd.o(i.TFTLCD_Init)
    _mutex_acquire                           0x08001c05   Thumb Code    22  rtx_lib.o(i._mutex_acquire)
    _mutex_free                              0x08001c1b   Thumb Code    12  rtx_lib.o(i._mutex_free)
    _mutex_initialize                        0x08001c27   Thumb Code    34  rtx_lib.o(i._mutex_initialize)
    _mutex_release                           0x08001c49   Thumb Code    18  rtx_lib.o(i._mutex_release)
    _platform_post_stackheap_init            0x08001c5b   Thumb Code     8  rtx_lib.o(i._platform_post_stackheap_init)
    app_main                                 0x08001c65   Thumb Code    74  main.o(i.app_main)
    delay_ms                                 0x08001cd9   Thumb Code    72  main.o(i.delay_ms)
    find_button                              0x08001d25   Thumb Code   168  main.o(i.find_button)
    find_key                                 0x08001de5   Thumb Code    94  main.o(i.find_key)
    focus_button                             0x08001e49   Thumb Code   264  main.o(i.focus_button)
    input_show                               0x08001f65   Thumb Code   280  main.o(i.input_show)
    main                                     0x0800226d   Thumb Code    50  main.o(i.main)
    osDelay                                  0x080022a9   Thumb Code    54  rtx_delay.o(i.osDelay)
    osKernelGetState                         0x080022e5   Thumb Code    44  rtx_kernel.o(i.osKernelGetState)
    osKernelInitialize                       0x08002315   Thumb Code    52  rtx_kernel.o(i.osKernelInitialize)
    osKernelStart                            0x0800234d   Thumb Code    48  rtx_kernel.o(i.osKernelStart)
    osMessageQueueGet                        0x08002381   Thumb Code    78  rtx_msgqueue.o(i.osMessageQueueGet)
    osMessageQueueNew                        0x080023d5   Thumb Code    70  rtx_msgqueue.o(i.osMessageQueueNew)
    osMessageQueuePut                        0x08002421   Thumb Code    78  rtx_msgqueue.o(i.osMessageQueuePut)
    osMutexAcquire                           0x08002475   Thumb Code    62  rtx_mutex.o(i.osMutexAcquire)
    osMutexDelete                            0x080024b9   Thumb Code    56  rtx_mutex.o(i.osMutexDelete)
    osMutexNew                               0x080024f5   Thumb Code    54  rtx_mutex.o(i.osMutexNew)
    osMutexRelease                           0x08002531   Thumb Code    56  rtx_mutex.o(i.osMutexRelease)
    osRtxErrorNotify                         0x0800256d   Thumb Code    32  rtx_config.o(i.osRtxErrorNotify)
    osRtxIdleThread                          0x0800258d   Thumb Code     4  rtx_config.o(i.osRtxIdleThread)
    osRtxKernelPreInit                       0x0800259d   Thumb Code     2  rtx_kernel.o(i.osRtxKernelPreInit)
    osRtxMemoryAlloc                         0x0800259f   Thumb Code   238  rtx_memory.o(i.osRtxMemoryAlloc)
    osRtxMemoryFree                          0x0800268d   Thumb Code   124  rtx_memory.o(i.osRtxMemoryFree)
    osRtxMemoryInit                          0x08002709   Thumb Code   106  rtx_memory.o(i.osRtxMemoryInit)
    osRtxMemoryPoolAlloc                     0x08002773   Thumb Code    48  rtx_mempool.o(i.osRtxMemoryPoolAlloc)
    osRtxMemoryPoolFree                      0x080027a3   Thumb Code    68  rtx_mempool.o(i.osRtxMemoryPoolFree)
    osRtxMemoryPoolInit                      0x080027e7   Thumb Code    88  rtx_mempool.o(i.osRtxMemoryPoolInit)
    osRtxMutexOwnerRelease                   0x08002947   Thumb Code   102  rtx_mutex.o(i.osRtxMutexOwnerRelease)
    osRtxMutexOwnerRestore                   0x080029ad   Thumb Code    80  rtx_mutex.o(i.osRtxMutexOwnerRestore)
    osRtxPendSV_Handler                      0x080029fd   Thumb Code   130  rtx_system.o(i.osRtxPendSV_Handler)
    osRtxPostProcess                         0x08002a85   Thumb Code    50  rtx_system.o(i.osRtxPostProcess)
    osRtxThreadDelayTick                     0x08002bc5   Thumb Code   298  rtx_thread.o(i.osRtxThreadDelayTick)
    osRtxThreadDispatch                      0x08002cf5   Thumb Code   102  rtx_thread.o(i.osRtxThreadDispatch)
    osRtxThreadListGet                       0x08002dd1   Thumb Code    26  rtx_thread.o(i.osRtxThreadListGet)
    osRtxThreadListPut                       0x08002deb   Thumb Code    44  rtx_thread.o(i.osRtxThreadListPut)
    osRtxThreadListRemove                    0x08002e17   Thumb Code    26  rtx_thread.o(i.osRtxThreadListRemove)
    osRtxThreadListSort                      0x08002e41   Thumb Code    42  rtx_thread.o(i.osRtxThreadListSort)
    osRtxThreadReadyPut                      0x08002ea1   Thumb Code    18  rtx_thread.o(i.osRtxThreadReadyPut)
    osRtxThreadRegPtr                        0x08002eb9   Thumb Code    14  rtx_thread.o(i.osRtxThreadRegPtr)
    osRtxThreadStackCheck                    0x08002ed5   Thumb Code    38  rtx_thread.o(i.osRtxThreadStackCheck)
    osRtxThreadStartup                       0x08002f01   Thumb Code    60  rtx_thread.o(i.osRtxThreadStartup)
    osRtxThreadSwitch                        0x08002f4d   Thumb Code    24  rtx_thread.o(i.osRtxThreadSwitch)
    osRtxThreadWaitEnter                     0x08002f69   Thumb Code    72  rtx_thread.o(i.osRtxThreadWaitEnter)
    osRtxThreadWaitExit                      0x08002fb5   Thumb Code    54  rtx_thread.o(i.osRtxThreadWaitExit)
    osRtxTick_Handler                        0x08002fed   Thumb Code   154  rtx_system.o(i.osRtxTick_Handler)
    osRtxTimerThread                         0x0800308d   Thumb Code    66  rtx_timer.o(i.osRtxTimerThread)
    osThreadExit                             0x08003139   Thumb Code    28  rtx_thread.o(i.osThreadExit)
    osThreadFlagsSet                         0x08003159   Thumb Code    58  rtx_thread.o(i.osThreadFlagsSet)
    osThreadFlagsWait                        0x08003199   Thumb Code    72  rtx_thread.o(i.osThreadFlagsWait)
    osThreadNew                              0x080031e5   Thumb Code    70  rtx_thread.o(i.osThreadNew)
    password_success                         0x08003251   Thumb Code   138  main.o(i.password_success)
    ui_setup                                 0x0800420d   Thumb Code   394  main.o(i.ui_setup)
    gImage_wrong                             0x080043cc   Data       115208  main.o(.constdata)
    gImage_right                             0x080205d4   Data       115208  main.o(.constdata)
    ascii_1206                               0x0803c7dc   Data        1140  tftlcd.o(.constdata)
    ascii_1608                               0x0803cc50   Data        1520  tftlcd.o(.constdata)
    ascii_2412                               0x0803d240   Data        3420  tftlcd.o(.constdata)
    ascii_3216                               0x0803df9c   Data       12160  tftlcd.o(.constdata)
    CnChar32x29                              0x08040f1c   Data         708  tftlcd.o(.constdata)
    irqRtxLib                                0x080411e0   Data           1  irq_cm3.o(.constdata)
    osRtxUserSVC                             0x08041244   Data           4  rtx_lib.o(.constdata)
    osRtxConfig                              0x08041284   Data         104  rtx_lib.o(.rodata)
    os_cb_sections                           0x080412ec   Data          56  rtx_lib.o(.rodata)
    Region$$Table$$Base                      0x08041324   Number         0  anon$$obj.o(Region$$Table)
    Region$$Table$$Limit                     0x08041344   Number         0  anon$$obj.o(Region$$Table)
    .bss.os.msgqueue.cb$$Base                0x20001040   Number         0  rtx_lib.o(.bss.os.msgqueue.cb)
    .bss.os.msgqueue.cb$$Limit               0x20001074   Number         0  rtx_lib.o(.bss.os.msgqueue.cb)
    .bss.os.thread.cb$$Base                  0x200010c4   Number         0  rtx_lib.o(.bss.os.thread.cb)
    .bss.os.thread.cb$$Limit                 0x2000114c   Number         0  rtx_lib.o(.bss.os.thread.cb)
    key_flag                                 0x200012e0   Data           4  main.o(.data)
    button_flag                              0x200012e4   Data           4  main.o(.data)
    focus_flag                               0x200012e8   Data           4  main.o(.data)
    show_flag                                0x200012ec   Data           4  main.o(.data)
    judge_flag                               0x200012f0   Data           4  main.o(.data)
    flagsX1                                  0x200012f4   Data           4  main.o(.data)
    flagsX2                                  0x200012f8   Data           4  main.o(.data)
    flagsX3                                  0x200012fc   Data           4  main.o(.data)
    flagsX4                                  0x20001300   Data           4  main.o(.data)
    flagsX5                                  0x20001304   Data           4  main.o(.data)
    password                                 0x20001308   Data           5  main.o(.data)
    presetPassword                           0x2000130d   Data           5  main.o(.data)
    numbers                                  0x2000131c   Data         192  main.o(.data)
    FRONT_COLOR                              0x200013de   Data           2  tftlcd.o(.data)
    BACK_COLOR                               0x200013e0   Data           2  tftlcd.o(.data)
    tftlcd_data                              0x200013e2   Data           8  tftlcd.o(.data)
    irqRtxLibRef                             0x200013ec   Data           4  rtx_lib.o(.data)
    SystemCoreClock                          0x200013f4   Data           4  system_stm32f10x.o(.data)
    AHBPrescTable                            0x200013f8   Data          16  system_stm32f10x.o(.data)
    osRtxInfo                                0x20001408   Data         164  rtx_kernel.o(.data.os)
    __libspace_start                         0x200014ac   Data          96  libspace.o(.bss)
    __temporary_stack_top$libspace           0x2000150c   Data           0  libspace.o(.bss)



==============================================================================

Memory Map of the image

  Image Entry point : 0x08000131

  Load Region LR_IROM1 (Base: 0x08000000, Size: 0x000427f0, Max: 0x00080000, ABSOLUTE, COMPRESSED[0x00041420])

    Execution Region ER_IROM1 (Exec base: 0x08000000, Load base: 0x08000000, Size: 0x00041344, Max: 0x00080000, ABSOLUTE)

    Exec Addr    Load Addr    Size         Type   Attr      Idx    E Section Name        Object

    0x08000000   0x08000000   0x00000130   Data   RO         3850    RESET               startup_stm32f10x_hd.o
    0x08000130   0x08000130   0x00000008   Code   RO         3911  * !!!main             c_w.l(__main.o)
    0x08000138   0x08000138   0x00000034   Code   RO         4087    !!!scatter          c_w.l(__scatter.o)
    0x0800016c   0x0800016c   0x0000005a   Code   RO         4085    !!dczerorl2         c_w.l(__dczerorl2.o)
    0x080001c6   0x080001c6   0x00000002   PAD
    0x080001c8   0x080001c8   0x0000001c   Code   RO         4089    !!handler_zi        c_w.l(__scatter_zi.o)
    0x080001e4   0x080001e4   0x00000002   Code   RO         3955    .ARM.Collect$$libinit$$00000000  c_w.l(libinit.o)
    0x080001e6   0x080001e6   0x00000000   Code   RO         3962    .ARM.Collect$$libinit$$00000002  c_w.l(libinit2.o)
    0x080001e6   0x080001e6   0x00000000   Code   RO         3964    .ARM.Collect$$libinit$$00000004  c_w.l(libinit2.o)
    0x080001e6   0x080001e6   0x00000000   Code   RO         3967    .ARM.Collect$$libinit$$0000000A  c_w.l(libinit2.o)
    0x080001e6   0x080001e6   0x00000000   Code   RO         3969    .ARM.Collect$$libinit$$0000000C  c_w.l(libinit2.o)
    0x080001e6   0x080001e6   0x00000000   Code   RO         3971    .ARM.Collect$$libinit$$0000000E  c_w.l(libinit2.o)
    0x080001e6   0x080001e6   0x00000000   Code   RO         3974    .ARM.Collect$$libinit$$00000011  c_w.l(libinit2.o)
    0x080001e6   0x080001e6   0x00000000   Code   RO         3976    .ARM.Collect$$libinit$$00000013  c_w.l(libinit2.o)
    0x080001e6   0x080001e6   0x00000000   Code   RO         3978    .ARM.Collect$$libinit$$00000015  c_w.l(libinit2.o)
    0x080001e6   0x080001e6   0x00000000   Code   RO         3980    .ARM.Collect$$libinit$$00000017  c_w.l(libinit2.o)
    0x080001e6   0x080001e6   0x00000000   Code   RO         3982    .ARM.Collect$$libinit$$00000019  c_w.l(libinit2.o)
    0x080001e6   0x080001e6   0x00000000   Code   RO         3984    .ARM.Collect$$libinit$$0000001B  c_w.l(libinit2.o)
    0x080001e6   0x080001e6   0x00000000   Code   RO         3986    .ARM.Collect$$libinit$$0000001D  c_w.l(libinit2.o)
    0x080001e6   0x080001e6   0x00000000   Code   RO         3988    .ARM.Collect$$libinit$$0000001F  c_w.l(libinit2.o)
    0x080001e6   0x080001e6   0x00000000   Code   RO         3990    .ARM.Collect$$libinit$$00000021  c_w.l(libinit2.o)
    0x080001e6   0x080001e6   0x00000000   Code   RO         3992    .ARM.Collect$$libinit$$00000023  c_w.l(libinit2.o)
    0x080001e6   0x080001e6   0x00000000   Code   RO         3994    .ARM.Collect$$libinit$$00000025  c_w.l(libinit2.o)
    0x080001e6   0x080001e6   0x00000000   Code   RO         3998    .ARM.Collect$$libinit$$0000002C  c_w.l(libinit2.o)
    0x080001e6   0x080001e6   0x00000000   Code   RO         4000    .ARM.Collect$$libinit$$0000002E  c_w.l(libinit2.o)
    0x080001e6   0x080001e6   0x00000000   Code   RO         4002    .ARM.Collect$$libinit$$00000030  c_w.l(libinit2.o)
    0x080001e6   0x080001e6   0x00000000   Code   RO         4004    .ARM.Collect$$libinit$$00000032  c_w.l(libinit2.o)
    0x080001e6   0x080001e6   0x00000002   Code   RO         4005    .ARM.Collect$$libinit$$00000033  c_w.l(libinit2.o)
    0x080001e8   0x080001e8   0x00000002   Code   RO         4025    .ARM.Collect$$libshutdown$$00000000  c_w.l(libshutdown.o)
    0x080001ea   0x080001ea   0x00000000   Code   RO         4038    .ARM.Collect$$libshutdown$$00000002  c_w.l(libshutdown2.o)
    0x080001ea   0x080001ea   0x00000000   Code   RO         4040    .ARM.Collect$$libshutdown$$00000004  c_w.l(libshutdown2.o)
    0x080001ea   0x080001ea   0x00000000   Code   RO         4043    .ARM.Collect$$libshutdown$$00000007  c_w.l(libshutdown2.o)
    0x080001ea   0x080001ea   0x00000000   Code   RO         4046    .ARM.Collect$$libshutdown$$0000000A  c_w.l(libshutdown2.o)
    0x080001ea   0x080001ea   0x00000000   Code   RO         4048    .ARM.Collect$$libshutdown$$0000000C  c_w.l(libshutdown2.o)
    0x080001ea   0x080001ea   0x00000000   Code   RO         4051    .ARM.Collect$$libshutdown$$0000000F  c_w.l(libshutdown2.o)
    0x080001ea   0x080001ea   0x00000002   Code   RO         4052    .ARM.Collect$$libshutdown$$00000010  c_w.l(libshutdown2.o)
    0x080001ec   0x080001ec   0x00000000   Code   RO         3925    .ARM.Collect$$rtentry$$00000000  c_w.l(__rtentry.o)
    0x080001ec   0x080001ec   0x00000000   Code   RO         3934    .ARM.Collect$$rtentry$$00000002  c_w.l(__rtentry2.o)
    0x080001ec   0x080001ec   0x00000006   Code   RO         3946    .ARM.Collect$$rtentry$$00000004  c_w.l(__rtentry4.o)
    0x080001f2   0x080001f2   0x00000008   Code   RO         3935    .ARM.Collect$$rtentry$$00000008  c_w.l(__rtentry2.o)
    0x080001fa   0x080001fa   0x00000004   Code   RO         3937    .ARM.Collect$$rtentry$$0000000A  c_w.l(__rtentry2.o)
    0x080001fe   0x080001fe   0x00000000   Code   RO         3939    .ARM.Collect$$rtentry$$0000000C  c_w.l(__rtentry2.o)
    0x080001fe   0x080001fe   0x00000008   Code   RO         3940    .ARM.Collect$$rtentry$$0000000D  c_w.l(__rtentry2.o)
    0x08000206   0x08000206   0x00000002   Code   RO         3959    .ARM.Collect$$rtexit$$00000000  c_w.l(rtexit.o)
    0x08000208   0x08000208   0x00000000   Code   RO         4007    .ARM.Collect$$rtexit$$00000002  c_w.l(rtexit2.o)
    0x08000208   0x08000208   0x00000004   Code   RO         4008    .ARM.Collect$$rtexit$$00000003  c_w.l(rtexit2.o)
    0x0800020c   0x0800020c   0x00000006   Code   RO         4009    .ARM.Collect$$rtexit$$00000004  c_w.l(rtexit2.o)
    0x08000212   0x08000212   0x00000002   PAD
    0x08000214   0x08000214   0x00000148   Code   RO         2010    .emb_text           rtx_mempool.o
    0x0800035c   0x0800035c   0x00000148   Code   RO         2172    .emb_text           rtx_msgqueue.o
    0x080004a4   0x080004a4   0x00000148   Code   RO         2584    .emb_text           rtx_system.o
    0x080005ec   0x080005ec   0x00000148   Code   RO         2640    .emb_text           rtx_thread.o
    0x08000734   0x08000734   0x00000094   Code   RO          389    .text               irq_cm3.o
    0x080007c8   0x080007c8   0x00000040   Code   RO         3851    .text               startup_stm32f10x_hd.o
    0x08000808   0x08000808   0x0000008a   Code   RO         3903    .text               c_w.l(rt_memcpy_v6.o)
    0x08000892   0x08000892   0x00000044   Code   RO         3905    .text               c_w.l(rt_memclr.o)
    0x080008d6   0x080008d6   0x0000004e   Code   RO         3907    .text               c_w.l(rt_memclr_w.o)
    0x08000924   0x08000924   0x00000006   Code   RO         3909    .text               c_w.l(heapauxi.o)
    0x0800092a   0x0800092a   0x00000064   Code   RO         3926    .text               c_w.l(rt_memcpy_w.o)
    0x0800098e   0x0800098e   0x0000004a   Code   RO         3948    .text               c_w.l(sys_stackheap_outer.o)
    0x080009d8   0x080009d8   0x00000012   Code   RO         3950    .text               c_w.l(exit.o)
    0x080009ea   0x080009ea   0x00000002   PAD
    0x080009ec   0x080009ec   0x00000008   Code   RO         3956    .text               c_w.l(libspace.o)
    0x080009f4   0x080009f4   0x0000000c   Code   RO         4017    .text               c_w.l(sys_exit.o)
    0x08000a00   0x08000a00   0x00000002   Code   RO         4028    .text               c_w.l(use_no_semi.o)
    0x08000a02   0x08000a02   0x00000000   Code   RO         4030    .text               c_w.l(indicate_semi.o)
    0x08000a02   0x08000a02   0x00000002   Code   RO          617    i.EvrRtxDelay       rtx_evr.o
    0x08000a04   0x08000a04   0x00000002   Code   RO          618    i.EvrRtxDelayCompleted  rtx_evr.o
    0x08000a06   0x08000a06   0x00000002   Code   RO          619    i.EvrRtxDelayError  rtx_evr.o
    0x08000a08   0x08000a08   0x00000002   Code   RO          620    i.EvrRtxDelayStarted  rtx_evr.o
    0x08000a0a   0x08000a0a   0x00000002   Code   RO          638    i.EvrRtxEventFlagsWaitTimeout  rtx_evr.o
    0x08000a0c   0x08000a0c   0x00000002   Code   RO          639    i.EvrRtxKernelError  rtx_evr.o
    0x08000a0e   0x08000a0e   0x00000002   Code   RO          641    i.EvrRtxKernelGetState  rtx_evr.o
    0x08000a10   0x08000a10   0x00000002   Code   RO          647    i.EvrRtxKernelInitialize  rtx_evr.o
    0x08000a12   0x08000a12   0x00000002   Code   RO          648    i.EvrRtxKernelInitialized  rtx_evr.o
    0x08000a14   0x08000a14   0x00000002   Code   RO          655    i.EvrRtxKernelStart  rtx_evr.o
    0x08000a16   0x08000a16   0x00000002   Code   RO          656    i.EvrRtxKernelStarted  rtx_evr.o
    0x08000a18   0x08000a18   0x00000002   Code   RO          661    i.EvrRtxMemoryAlloc  rtx_evr.o
    0x08000a1a   0x08000a1a   0x00000002   Code   RO          662    i.EvrRtxMemoryBlockAlloc  rtx_evr.o
    0x08000a1c   0x08000a1c   0x00000002   Code   RO          663    i.EvrRtxMemoryBlockFree  rtx_evr.o
    0x08000a1e   0x08000a1e   0x00000002   Code   RO          664    i.EvrRtxMemoryBlockInit  rtx_evr.o
    0x08000a20   0x08000a20   0x00000002   Code   RO          665    i.EvrRtxMemoryFree  rtx_evr.o
    0x08000a22   0x08000a22   0x00000002   Code   RO          666    i.EvrRtxMemoryInit  rtx_evr.o
    0x08000a24   0x08000a24   0x00000002   Code   RO          670    i.EvrRtxMemoryPoolAllocTimeout  rtx_evr.o
    0x08000a26   0x08000a26   0x00000002   Code   RO          685    i.EvrRtxMessageQueueCreated  rtx_evr.o
    0x08000a28   0x08000a28   0x00000002   Code   RO          688    i.EvrRtxMessageQueueError  rtx_evr.o
    0x08000a2a   0x08000a2a   0x00000002   Code   RO          689    i.EvrRtxMessageQueueGet  rtx_evr.o
    0x08000a2c   0x08000a2c   0x00000002   Code   RO          694    i.EvrRtxMessageQueueGetPending  rtx_evr.o
    0x08000a2e   0x08000a2e   0x00000002   Code   RO          696    i.EvrRtxMessageQueueGetTimeout  rtx_evr.o
    0x08000a30   0x08000a30   0x00000002   Code   RO          697    i.EvrRtxMessageQueueInsertPending  rtx_evr.o
    0x08000a32   0x08000a32   0x00000002   Code   RO          698    i.EvrRtxMessageQueueInserted  rtx_evr.o
    0x08000a34   0x08000a34   0x00000002   Code   RO          699    i.EvrRtxMessageQueueNew  rtx_evr.o
    0x08000a36   0x08000a36   0x00000002   Code   RO          700    i.EvrRtxMessageQueueNotInserted  rtx_evr.o
    0x08000a38   0x08000a38   0x00000002   Code   RO          701    i.EvrRtxMessageQueueNotRetrieved  rtx_evr.o
    0x08000a3a   0x08000a3a   0x00000002   Code   RO          702    i.EvrRtxMessageQueuePut  rtx_evr.o
    0x08000a3c   0x08000a3c   0x00000002   Code   RO          703    i.EvrRtxMessageQueuePutPending  rtx_evr.o
    0x08000a3e   0x08000a3e   0x00000002   Code   RO          704    i.EvrRtxMessageQueuePutTimeout  rtx_evr.o
    0x08000a40   0x08000a40   0x00000002   Code   RO          707    i.EvrRtxMessageQueueRetrieved  rtx_evr.o
    0x08000a42   0x08000a42   0x00000002   Code   RO          708    i.EvrRtxMutexAcquire  rtx_evr.o
    0x08000a44   0x08000a44   0x00000002   Code   RO          709    i.EvrRtxMutexAcquirePending  rtx_evr.o
    0x08000a46   0x08000a46   0x00000002   Code   RO          710    i.EvrRtxMutexAcquireTimeout  rtx_evr.o
    0x08000a48   0x08000a48   0x00000002   Code   RO          711    i.EvrRtxMutexAcquired  rtx_evr.o
    0x08000a4a   0x08000a4a   0x00000002   Code   RO          712    i.EvrRtxMutexCreated  rtx_evr.o
    0x08000a4c   0x08000a4c   0x00000002   Code   RO          713    i.EvrRtxMutexDelete  rtx_evr.o
    0x08000a4e   0x08000a4e   0x00000002   Code   RO          714    i.EvrRtxMutexDestroyed  rtx_evr.o
    0x08000a50   0x08000a50   0x00000002   Code   RO          715    i.EvrRtxMutexError  rtx_evr.o
    0x08000a52   0x08000a52   0x00000002   Code   RO          718    i.EvrRtxMutexNew    rtx_evr.o
    0x08000a54   0x08000a54   0x00000002   Code   RO          719    i.EvrRtxMutexNotAcquired  rtx_evr.o
    0x08000a56   0x08000a56   0x00000002   Code   RO          720    i.EvrRtxMutexRelease  rtx_evr.o
    0x08000a58   0x08000a58   0x00000002   Code   RO          721    i.EvrRtxMutexReleased  rtx_evr.o
    0x08000a5a   0x08000a5a   0x00000002   Code   RO          724    i.EvrRtxSemaphoreAcquireTimeout  rtx_evr.o
    0x08000a5c   0x08000a5c   0x00000002   Code   RO          736    i.EvrRtxThreadBlocked  rtx_evr.o
    0x08000a5e   0x08000a5e   0x00000002   Code   RO          737    i.EvrRtxThreadCreated  rtx_evr.o
    0x08000a60   0x08000a60   0x00000002   Code   RO          738    i.EvrRtxThreadDestroyed  rtx_evr.o
    0x08000a62   0x08000a62   0x00000002   Code   RO          742    i.EvrRtxThreadError  rtx_evr.o
    0x08000a64   0x08000a64   0x00000002   Code   RO          743    i.EvrRtxThreadExit  rtx_evr.o
    0x08000a66   0x08000a66   0x00000002   Code   RO          746    i.EvrRtxThreadFlagsError  rtx_evr.o
    0x08000a68   0x08000a68   0x00000002   Code   RO          748    i.EvrRtxThreadFlagsSet  rtx_evr.o
    0x08000a6a   0x08000a6a   0x00000002   Code   RO          749    i.EvrRtxThreadFlagsSetDone  rtx_evr.o
    0x08000a6c   0x08000a6c   0x00000002   Code   RO          750    i.EvrRtxThreadFlagsWait  rtx_evr.o
    0x08000a6e   0x08000a6e   0x00000002   Code   RO          751    i.EvrRtxThreadFlagsWaitCompleted  rtx_evr.o
    0x08000a70   0x08000a70   0x00000002   Code   RO          752    i.EvrRtxThreadFlagsWaitNotCompleted  rtx_evr.o
    0x08000a72   0x08000a72   0x00000002   Code   RO          753    i.EvrRtxThreadFlagsWaitPending  rtx_evr.o
    0x08000a74   0x08000a74   0x00000002   Code   RO          754    i.EvrRtxThreadFlagsWaitTimeout  rtx_evr.o
    0x08000a76   0x08000a76   0x00000002   Code   RO          764    i.EvrRtxThreadJoined  rtx_evr.o
    0x08000a78   0x08000a78   0x00000002   Code   RO          765    i.EvrRtxThreadNew   rtx_evr.o
    0x08000a7a   0x08000a7a   0x00000002   Code   RO          766    i.EvrRtxThreadPreempted  rtx_evr.o
    0x08000a7c   0x08000a7c   0x00000002   Code   RO          773    i.EvrRtxThreadSwitched  rtx_evr.o
    0x08000a7e   0x08000a7e   0x00000002   Code   RO          775    i.EvrRtxThreadUnblocked  rtx_evr.o
    0x08000a80   0x08000a80   0x00000002   Code   RO          777    i.EvrRtxTimerCallback  rtx_evr.o
    0x08000a82   0x08000a82   0x00000002   PAD
    0x08000a84   0x08000a84   0x00000034   Code   RO         3347    i.FSMC_NORSRAMCmd   stm32f10x_fsmc.o
    0x08000ab8   0x08000ab8   0x000000e6   Code   RO         3349    i.FSMC_NORSRAMInit  stm32f10x_fsmc.o
    0x08000b9e   0x08000b9e   0x00000116   Code   RO         3474    i.GPIO_Init         stm32f10x_gpio.o
    0x08000cb4   0x08000cb4   0x00000012   Code   RO         3478    i.GPIO_ReadInputDataBit  stm32f10x_gpio.o
    0x08000cc6   0x08000cc6   0x00000004   Code   RO         3482    i.GPIO_SetBits      stm32f10x_gpio.o
    0x08000cca   0x08000cca   0x00000018   Code   RO          397    i.IsIrqMasked       rtx_delay.o
    0x08000ce2   0x08000ce2   0x00000018   Code   RO         1668    i.IsIrqMasked       rtx_kernel.o
    0x08000cfa   0x08000cfa   0x00000018   Code   RO         2173    i.IsIrqMasked       rtx_msgqueue.o
    0x08000d12   0x08000d12   0x00000018   Code   RO         2351    i.IsIrqMasked       rtx_mutex.o
    0x08000d2a   0x08000d2a   0x00000018   Code   RO         2641    i.IsIrqMasked       rtx_thread.o
    0x08000d42   0x08000d42   0x00000010   Code   RO          398    i.IsIrqMode         rtx_delay.o
    0x08000d52   0x08000d52   0x00000010   Code   RO         1669    i.IsIrqMode         rtx_kernel.o
    0x08000d62   0x08000d62   0x00000010   Code   RO         2174    i.IsIrqMode         rtx_msgqueue.o
    0x08000d72   0x08000d72   0x00000010   Code   RO         2352    i.IsIrqMode         rtx_mutex.o
    0x08000d82   0x08000d82   0x00000010   Code   RO         2642    i.IsIrqMode         rtx_thread.o
    0x08000d92   0x08000d92   0x00000010   Code   RO         1670    i.IsPrivileged      rtx_kernel.o
    0x08000da2   0x08000da2   0x00000002   PAD
    0x08000da4   0x08000da4   0x00000028   Code   RO            4    i.JudgePassword     main.o
    0x08000dcc   0x08000dcc   0x00000060   Code   RO            5    i.KEY_GPIO_Init     main.o
    0x08000e2c   0x08000e2c   0x000000c4   Code   RO            6    i.KEY_Scan          main.o
    0x08000ef0   0x08000ef0   0x00000048   Code   RO          175    i.LCD_Clear         tftlcd.o
    0x08000f38   0x08000f38   0x00000048   Code   RO          177    i.LCD_Display_Dir   tftlcd.o
    0x08000f80   0x08000f80   0x0000001c   Code   RO          178    i.LCD_DrawFRONT_COLOR  tftlcd.o
    0x08000f9c   0x08000f9c   0x000000b0   Code   RO          179    i.LCD_DrawLine      tftlcd.o
    0x0800104c   0x0800104c   0x00000020   Code   RO          181    i.LCD_DrawPoint     tftlcd.o
    0x0800106c   0x0800106c   0x0000005c   Code   RO          185    i.LCD_Fill          tftlcd.o
    0x080010c8   0x080010c8   0x000000a6   Code   RO          191    i.LCD_Set_Window    tftlcd.o
    0x0800116e   0x0800116e   0x00000002   PAD
    0x08001170   0x08001170   0x0000013c   Code   RO          192    i.LCD_ShowChar      tftlcd.o
    0x080012ac   0x080012ac   0x0000008a   Code   RO          195    i.LCD_ShowPicture   tftlcd.o
    0x08001336   0x08001336   0x00000066   Code   RO          196    i.LCD_ShowString    tftlcd.o
    0x0800139c   0x0800139c   0x0000000c   Code   RO          198    i.LCD_WriteCmd      tftlcd.o
    0x080013a8   0x080013a8   0x0000000c   Code   RO          200    i.LCD_WriteData     tftlcd.o
    0x080013b4   0x080013b4   0x0000000c   Code   RO          201    i.LCD_WriteData_Color  tftlcd.o
    0x080013c0   0x080013c0   0x0000000a   Code   RO         1960    i.MemBlockPtr       rtx_memory.o
    0x080013ca   0x080013ca   0x00000034   Code   RO         2175    i.MessageQueueGet   rtx_msgqueue.o
    0x080013fe   0x080013fe   0x0000004c   Code   RO         2176    i.MessageQueuePut   rtx_msgqueue.o
    0x0800144a   0x0800144a   0x00000022   Code   RO         2177    i.MessageQueueRemove  rtx_msgqueue.o
    0x0800146c   0x0800146c   0x00000008   Code   RO         3184    i.OS_Tick_AcknowledgeIRQ  os_systick.o
    0x08001474   0x08001474   0x00000030   Code   RO         3186    i.OS_Tick_Enable    os_systick.o
    0x080014a4   0x080014a4   0x00000006   Code   RO         3189    i.OS_Tick_GetIRQn   os_systick.o
    0x080014aa   0x080014aa   0x00000002   PAD
    0x080014ac   0x080014ac   0x00000050   Code   RO         3192    i.OS_Tick_Setup     os_systick.o
    0x080014fc   0x080014fc   0x00000020   Code   RO         3595    i.RCC_AHBPeriphClockCmd  stm32f10x_rcc.o
    0x0800151c   0x0800151c   0x00000020   Code   RO         3598    i.RCC_APB2PeriphClockCmd  stm32f10x_rcc.o
    0x0800153c   0x0800153c   0x00000008   Code   RO         3858    i.SetSysClock       system_stm32f10x.o
    0x08001544   0x08001544   0x000000e0   Code   RO         3859    i.SetSysClockTo72   system_stm32f10x.o
    0x08001624   0x08001624   0x00000028   Code   RO         3292    i.SysTick_CLKSourceConfig  misc.o
    0x0800164c   0x0800164c   0x0000003c   Code   RO            7    i.SysTick_Init      main.o
    0x08001688   0x08001688   0x000000a4   Code   RO         3860    i.SystemCoreClockUpdate  system_stm32f10x.o
    0x0800172c   0x0800172c   0x00000060   Code   RO         3861    i.SystemInit        system_stm32f10x.o
    0x0800178c   0x0800178c   0x0000007e   Code   RO          202    i.TFTLCD_FSMC_Init  tftlcd.o
    0x0800180a   0x0800180a   0x00000002   PAD
    0x0800180c   0x0800180c   0x00000094   Code   RO          203    i.TFTLCD_GPIO_Init  tftlcd.o
    0x080018a0   0x080018a0   0x000002a0   Code   RO          204    i.TFTLCD_Init       tftlcd.o
    0x08001b40   0x08001b40   0x00000056   Code   RO         2643    i.ThreadFlagsCheck  rtx_thread.o
    0x08001b96   0x08001b96   0x00000016   Code   RO         2645    i.ThreadFlagsSet    rtx_thread.o
    0x08001bac   0x08001bac   0x00000040   Code   RO         3060    i.TimerInsert       rtx_timer.o
    0x08001bec   0x08001bec   0x00000018   Code   RO         3062    i.TimerUnlink       rtx_timer.o
    0x08001c04   0x08001c04   0x00000016   Code   RO         1885    i._mutex_acquire    rtx_lib.o
    0x08001c1a   0x08001c1a   0x0000000c   Code   RO         1886    i._mutex_free       rtx_lib.o
    0x08001c26   0x08001c26   0x00000022   Code   RO         1887    i._mutex_initialize  rtx_lib.o
    0x08001c48   0x08001c48   0x00000012   Code   RO         1888    i._mutex_release    rtx_lib.o
    0x08001c5a   0x08001c5a   0x00000008   Code   RO         1889    i._platform_post_stackheap_init  rtx_lib.o
    0x08001c62   0x08001c62   0x00000002   PAD
    0x08001c64   0x08001c64   0x00000074   Code   RO            8    i.app_main          main.o
    0x08001cd8   0x08001cd8   0x0000004c   Code   RO            9    i.delay_ms          main.o
    0x08001d24   0x08001d24   0x000000c0   Code   RO           11    i.find_button       main.o
    0x08001de4   0x08001de4   0x00000064   Code   RO           12    i.find_key          main.o
    0x08001e48   0x08001e48   0x0000011c   Code   RO           13    i.focus_button      main.o
    0x08001f64   0x08001f64   0x0000012c   Code   RO           14    i.input_show        main.o
    0x08002090   0x08002090   0x00000082   Code   RO         2178    i.isrRtxMessageQueueGet  rtx_msgqueue.o
    0x08002112   0x08002112   0x00000086   Code   RO         2179    i.isrRtxMessageQueuePut  rtx_msgqueue.o
    0x08002198   0x08002198   0x00000064   Code   RO         2646    i.isrRtxThreadFlagsSet  rtx_thread.o
    0x080021fc   0x080021fc   0x00000034   Code   RO         2585    i.isr_queue_get     rtx_system.o
    0x08002230   0x08002230   0x0000003c   Code   RO         2586    i.isr_queue_put     rtx_system.o
    0x0800226c   0x0800226c   0x0000003c   Code   RO           15    i.main              main.o
    0x080022a8   0x080022a8   0x0000003c   Code   RO          399    i.osDelay           rtx_delay.o
    0x080022e4   0x080022e4   0x00000030   Code   RO         1674    i.osKernelGetState  rtx_kernel.o
    0x08002314   0x08002314   0x00000038   Code   RO         1679    i.osKernelInitialize  rtx_kernel.o
    0x0800234c   0x0800234c   0x00000034   Code   RO         1683    i.osKernelStart     rtx_kernel.o
    0x08002380   0x08002380   0x00000054   Code   RO         2181    i.osMessageQueueGet  rtx_msgqueue.o
    0x080023d4   0x080023d4   0x0000004c   Code   RO         2187    i.osMessageQueueNew  rtx_msgqueue.o
    0x08002420   0x08002420   0x00000054   Code   RO         2188    i.osMessageQueuePut  rtx_msgqueue.o
    0x08002474   0x08002474   0x00000044   Code   RO         2353    i.osMutexAcquire    rtx_mutex.o
    0x080024b8   0x080024b8   0x0000003c   Code   RO         2354    i.osMutexDelete     rtx_mutex.o
    0x080024f4   0x080024f4   0x0000003c   Code   RO         2357    i.osMutexNew        rtx_mutex.o
    0x08002530   0x08002530   0x0000003c   Code   RO         2358    i.osMutexRelease    rtx_mutex.o
    0x0800256c   0x0800256c   0x00000020   Code   RO         3258    i.osRtxErrorNotify  rtx_config.o
    0x0800258c   0x0800258c   0x00000004   Code   RO         3259    i.osRtxIdleThread   rtx_config.o
    0x08002590   0x08002590   0x0000000c   Code   RO         2647    i.osRtxKernelGetState  rtx_thread.o
    0x0800259c   0x0800259c   0x00000002   Code   RO         1686    i.osRtxKernelPreInit  rtx_kernel.o
    0x0800259e   0x0800259e   0x000000ee   Code   RO         1961    i.osRtxMemoryAlloc  rtx_memory.o
    0x0800268c   0x0800268c   0x0000007c   Code   RO         1962    i.osRtxMemoryFree   rtx_memory.o
    0x08002708   0x08002708   0x0000006a   Code   RO         1963    i.osRtxMemoryInit   rtx_memory.o
    0x08002772   0x08002772   0x00000030   Code   RO         2023    i.osRtxMemoryPoolAlloc  rtx_mempool.o
    0x080027a2   0x080027a2   0x00000044   Code   RO         2024    i.osRtxMemoryPoolFree  rtx_mempool.o
    0x080027e6   0x080027e6   0x00000058   Code   RO         2025    i.osRtxMemoryPoolInit  rtx_mempool.o
    0x0800283e   0x0800283e   0x00000108   Code   RO         2190    i.osRtxMessageQueuePostProcess  rtx_msgqueue.o
    0x08002946   0x08002946   0x00000066   Code   RO         2359    i.osRtxMutexOwnerRelease  rtx_mutex.o
    0x080029ac   0x080029ac   0x00000050   Code   RO         2360    i.osRtxMutexOwnerRestore  rtx_mutex.o
    0x080029fc   0x080029fc   0x00000088   Code   RO         2587    i.osRtxPendSV_Handler  rtx_system.o
    0x08002a84   0x08002a84   0x0000003c   Code   RO         2588    i.osRtxPostProcess  rtx_system.o
    0x08002ac0   0x08002ac0   0x00000040   Code   RO         2648    i.osRtxThreadBlock  rtx_thread.o
    0x08002b00   0x08002b00   0x00000068   Code   RO         2649    i.osRtxThreadDelayInsert  rtx_thread.o
    0x08002b68   0x08002b68   0x0000005c   Code   RO         2650    i.osRtxThreadDelayRemove  rtx_thread.o
    0x08002bc4   0x08002bc4   0x00000130   Code   RO         2651    i.osRtxThreadDelayTick  rtx_thread.o
    0x08002cf4   0x08002cf4   0x0000006c   Code   RO         2652    i.osRtxThreadDispatch  rtx_thread.o
    0x08002d60   0x08002d60   0x00000064   Code   RO         2653    i.osRtxThreadFree   rtx_thread.o
    0x08002dc4   0x08002dc4   0x0000000c   Code   RO         2654    i.osRtxThreadGetRunning  rtx_thread.o
    0x08002dd0   0x08002dd0   0x0000001a   Code   RO         2655    i.osRtxThreadListGet  rtx_thread.o
    0x08002dea   0x08002dea   0x0000002c   Code   RO         2656    i.osRtxThreadListPut  rtx_thread.o
    0x08002e16   0x08002e16   0x0000001a   Code   RO         2657    i.osRtxThreadListRemove  rtx_thread.o
    0x08002e30   0x08002e30   0x00000010   Code   RO         2658    i.osRtxThreadListRoot  rtx_thread.o
    0x08002e40   0x08002e40   0x0000002a   Code   RO         2659    i.osRtxThreadListSort  rtx_thread.o
    0x08002e6a   0x08002e6a   0x00000034   Code   RO         2661    i.osRtxThreadPostProcess  rtx_thread.o
    0x08002e9e   0x08002e9e   0x00000002   PAD
    0x08002ea0   0x08002ea0   0x00000018   Code   RO         2662    i.osRtxThreadReadyPut  rtx_thread.o
    0x08002eb8   0x08002eb8   0x0000000e   Code   RO         2663    i.osRtxThreadRegPtr  rtx_thread.o
    0x08002ec6   0x08002ec6   0x00000002   PAD
    0x08002ec8   0x08002ec8   0x0000000c   Code   RO         2664    i.osRtxThreadSetRunning  rtx_thread.o
    0x08002ed4   0x08002ed4   0x0000002c   Code   RO         2665    i.osRtxThreadStackCheck  rtx_thread.o
    0x08002f00   0x08002f00   0x0000004c   Code   RO         2666    i.osRtxThreadStartup  rtx_thread.o
    0x08002f4c   0x08002f4c   0x0000001c   Code   RO         2667    i.osRtxThreadSwitch  rtx_thread.o
    0x08002f68   0x08002f68   0x0000004c   Code   RO         2668    i.osRtxThreadWaitEnter  rtx_thread.o
    0x08002fb4   0x08002fb4   0x00000036   Code   RO         2669    i.osRtxThreadWaitExit  rtx_thread.o
    0x08002fea   0x08002fea   0x00000002   PAD
    0x08002fec   0x08002fec   0x000000a0   Code   RO         2589    i.osRtxTick_Handler  rtx_system.o
    0x0800308c   0x0800308c   0x00000050   Code   RO         3063    i.osRtxTimerThread  rtx_timer.o
    0x080030dc   0x080030dc   0x0000005c   Code   RO         3064    i.osRtxTimerTick    rtx_timer.o
    0x08003138   0x08003138   0x00000020   Code   RO         2672    i.osThreadExit      rtx_thread.o
    0x08003158   0x08003158   0x00000040   Code   RO         2675    i.osThreadFlagsSet  rtx_thread.o
    0x08003198   0x08003198   0x0000004c   Code   RO         2676    i.osThreadFlagsWait  rtx_thread.o
    0x080031e4   0x080031e4   0x0000004c   Code   RO         2685    i.osThreadNew       rtx_thread.o
    0x08003230   0x08003230   0x00000020   Code   RO         1890    i.os_kernel_is_active  rtx_lib.o
    0x08003250   0x08003250   0x000000ac   Code   RO           16    i.password_success  main.o
    0x080032fc   0x080032fc   0x0000002c   Code   RO          401    i.svcRtxDelay       rtx_delay.o
    0x08003328   0x08003328   0x00000018   Code   RO         1688    i.svcRtxKernelGetState  rtx_kernel.o
    0x08003340   0x08003340   0x00000224   Code   RO         1693    i.svcRtxKernelInitialize  rtx_kernel.o
    0x08003564   0x08003564   0x000000d8   Code   RO         1697    i.svcRtxKernelStart  rtx_kernel.o
    0x0800363c   0x0800363c   0x00000138   Code   RO         2192    i.svcRtxMessageQueueGet  rtx_msgqueue.o
    0x08003774   0x08003774   0x00000194   Code   RO         2198    i.svcRtxMessageQueueNew  rtx_msgqueue.o
    0x08003908   0x08003908   0x00000128   Code   RO         2199    i.svcRtxMessageQueuePut  rtx_msgqueue.o
    0x08003a30   0x08003a30   0x0000010c   Code   RO         2361    i.svcRtxMutexAcquire  rtx_mutex.o
    0x08003b3c   0x08003b3c   0x000000e4   Code   RO         2362    i.svcRtxMutexDelete  rtx_mutex.o
    0x08003c20   0x08003c20   0x000000ac   Code   RO         2365    i.svcRtxMutexNew    rtx_mutex.o
    0x08003ccc   0x08003ccc   0x00000110   Code   RO         2366    i.svcRtxMutexRelease  rtx_mutex.o
    0x08003ddc   0x08003ddc   0x0000008c   Code   RO         2693    i.svcRtxThreadExit  rtx_thread.o
    0x08003e68   0x08003e68   0x0000009a   Code   RO         2696    i.svcRtxThreadFlagsSet  rtx_thread.o
    0x08003f02   0x08003f02   0x00000092   Code   RO         2697    i.svcRtxThreadFlagsWait  rtx_thread.o
    0x08003f94   0x08003f94   0x00000278   Code   RO         2706    i.svcRtxThreadNew   rtx_thread.o
    0x0800420c   0x0800420c   0x000001c0   Code   RO           17    i.ui_setup          main.o
    0x080043cc   0x080043cc   0x00038410   Data   RO           18    .constdata          main.o
    0x0803c7dc   0x0803c7dc   0x00004a04   Data   RO          205    .constdata          tftlcd.o
    0x080411e0   0x080411e0   0x00000001   Data   RO          388    .constdata          irq_cm3.o
    0x080411e1   0x080411e1   0x00000003   PAD
    0x080411e4   0x080411e4   0x00000064   Data   RO         1897    .constdata          rtx_lib.o
    0x08041248   0x08041248   0x0000002e   Data   RO           19    .conststring        main.o
    0x08041276   0x08041276   0x00000002   PAD
    0x08041278   0x08041278   0x0000000b   Data   RO         1700    .conststrlit        rtx_kernel.o
    0x08041283   0x08041283   0x00000001   PAD
    0x08041284   0x08041284   0x000000a0   Data   RO         1899    .rodata             rtx_lib.o
    0x08041324   0x08041324   0x00000020   Data   RO         4083    Region$$Table       anon$$obj.o


    Execution Region RW_IRAM1 (Exec base: 0x20000000, Load base: 0x08041344, Size: 0x00001b10, Max: 0x00010000, ABSOLUTE, COMPRESSED[0x000000dc])

    Exec Addr    Load Addr    Size         Type   Attr      Idx    E Section Name        Object

    0x20000000   COMPRESSED   0x00001040   Data   RW         1891    .bss.os             rtx_lib.o
    0x20001040   COMPRESSED   0x00000034   Data   RW         1893    .bss.os.msgqueue.cb  rtx_lib.o
    0x20001074   COMPRESSED   0x00000050   Data   RW         1894    .bss.os.msgqueue.mem  rtx_lib.o
    0x200010c4   COMPRESSED   0x00000088   Data   RW         1895    .bss.os.thread.cb   rtx_lib.o
    0x2000114c   COMPRESSED   0x00000004   PAD
    0x20001150   COMPRESSED   0x00000190   Data   RW         1896    .bss.os.thread.stack  rtx_lib.o
    0x200012e0   COMPRESSED   0x000000fd   Data   RW           20    .data               main.o
    0x200013dd   COMPRESSED   0x00000001   PAD
    0x200013de   COMPRESSED   0x0000000c   Data   RW          206    .data               tftlcd.o
    0x200013ea   COMPRESSED   0x00000002   PAD
    0x200013ec   COMPRESSED   0x00000005   Data   RW         1898    .data               rtx_lib.o
    0x200013f1   COMPRESSED   0x00000001   Data   RW         3193    .data               os_systick.o
    0x200013f2   COMPRESSED   0x00000002   PAD
    0x200013f4   COMPRESSED   0x00000014   Data   RW         3862    .data               system_stm32f10x.o
    0x20001408   COMPRESSED   0x000000a4   Data   RW         1701    .data.os            rtx_kernel.o
    0x200014ac        -       0x00000060   Zero   RW         3957    .bss                c_w.l(libspace.o)
    0x2000150c   COMPRESSED   0x00000004   PAD
    0x20001510        -       0x00000200   Zero   RW         3849    HEAP                startup_stm32f10x_hd.o
    0x20001710        -       0x00000400   Zero   RW         3848    STACK               startup_stm32f10x_hd.o


==============================================================================

Image component sizes


      Code (inc. data)   RO Data    RW Data    ZI Data      Debug   Object Name

       148         10          1          0          0        604   irq_cm3.o
      2140        256     230462        253          0     243790   main.o
        40          0          0          0          0        594   misc.o
       142         24          0          1          0       2476   os_systick.o
        36          6          0          0          0        957   rtx_config.o
       144         10          0          0          0      11742   rtx_delay.o
       128          0          0          0          0      37573   rtx_evr.o
      1002         42         11        164          0      23562   rtx_kernel.o
       126          4        260       4833          0      12642   rtx_lib.o
       478          0          0          0          0       4203   rtx_memory.o
       532          0          0          0          0       3947   rtx_mempool.o
      2314         34          0          0          0      22188   rtx_msgqueue.o
      1410         36          0          0          0      13037   rtx_mutex.o
       796         42          0          0          0       9929   rtx_system.o
      3226        136          0          0          0      33401   rtx_thread.o
       260         30          0          0          0       3339   rtx_timer.o
        64         26        304          0       1536        800   startup_stm32f10x_hd.o
       282          6          0          0          0       2097   stm32f10x_fsmc.o
       300          0          0          0          0       3479   stm32f10x_gpio.o
        64         12          0          0          0       1281   stm32f10x_rcc.o
       492         50          0         20          0       2861   system_stm32f10x.o
      2176         84      18948         12          0      12171   tftlcd.o

    ----------------------------------------------------------------------
     16318        808     250024       5292       1536     446673   Object Totals
         0          0         32          0          0          0   (incl. Generated)
        18          0          6          9          0          0   (incl. Padding)

    ----------------------------------------------------------------------

      Code (inc. data)   RO Data    RW Data    ZI Data      Debug   Library Member Name

        90          0          0          0          0          0   __dczerorl2.o
         8          0          0          0          0         68   __main.o
         0          0          0          0          0          0   __rtentry.o
        20          0          0          0          0          0   __rtentry2.o
         6          0          0          0          0          0   __rtentry4.o
        52          8          0          0          0          0   __scatter.o
        28          0          0          0          0          0   __scatter_zi.o
        18          0          0          0          0         80   exit.o
         6          0          0          0          0        152   heapauxi.o
         0          0          0          0          0          0   indicate_semi.o
         2          0          0          0          0          0   libinit.o
         2          0          0          0          0          0   libinit2.o
         2          0          0          0          0          0   libshutdown.o
         2          0          0          0          0          0   libshutdown2.o
         8          4          0          0         96         68   libspace.o
        68          0          0          0          0         68   rt_memclr.o
        78          0          0          0          0         80   rt_memclr_w.o
       138          0          0          0          0         68   rt_memcpy_v6.o
       100          0          0          0          0         80   rt_memcpy_w.o
         2          0          0          0          0          0   rtexit.o
        10          0          0          0          0          0   rtexit2.o
        12          4          0          0          0         68   sys_exit.o
        74          0          0          0          0         80   sys_stackheap_outer.o
         2          0          0          0          0         68   use_no_semi.o

    ----------------------------------------------------------------------
       734         16          0          0        100        880   Library Totals
         6          0          0          0          4          0   (incl. Padding)

    ----------------------------------------------------------------------

      Code (inc. data)   RO Data    RW Data    ZI Data      Debug   Library Name

       728         16          0          0         96        880   c_w.l

    ----------------------------------------------------------------------
       734         16          0          0        100        880   Library Totals

    ----------------------------------------------------------------------

==============================================================================


      Code (inc. data)   RO Data    RW Data    ZI Data      Debug   

     17052        824     250024       5292       1636     436265   Grand Totals
     17052        824     250024        220       1636     436265   ELF Image Totals (compressed)
     17052        824     250024        220          0          0   ROM Totals

==============================================================================

    Total RO  Size (Code + RO Data)               267076 ( 260.82kB)
    Total RW  Size (RW Data + ZI Data)              6928 (   6.77kB)
    Total ROM Size (Code + RO Data + RW Data)     267296 ( 261.03kB)

==============================================================================

